 TmApp

 Timestamp is 5dbfc771 (Mon Nov 04 13:38:41 2019)

 Preferred load address is 10000000

 Start         Length     Name                   Class
 0001:00000000 0005545aH .text                   CODE
 0001:00055460 00000109H .text$x                 CODE
 0002:00000000 00000278H .idata$5                DATA
 0002:00000278 00000004H .CRT$XCA                DATA
 0002:0000027c 00000004H .CRT$XCZ                DATA
 0002:00000280 00000004H .CRT$XIA                DATA
 0002:00000284 00000010H .CRT$XIC                DATA
 0002:00000294 00000004H .CRT$XIZ                DATA
 0002:00000298 00000004H .CRT$XPA                DATA
 0002:0000029c 00000008H .CRT$XPX                DATA
 0002:000002a4 00000004H .CRT$XPXA               DATA
 0002:000002a8 00000004H .CRT$XPZ                DATA
 0002:000002ac 00000004H .CRT$XTA                DATA
 0002:000002b0 00000004H .CRT$XTZ                DATA
 0002:000002c0 0000c8f0H .rdata                  DATA
 0002:0000cbb0 00000074H .rdata$debug            DATA
 0002:0000cc24 000001c4H .rdata$r                DATA
 0002:0000cdf0 0000002cH .rdata$sxdata           DATA
 0002:0000ce1c 00000004H .rtc$IAA                DATA
 0002:0000ce20 0000001cH .rtc$IMZ                DATA
 0002:0000ce3c 00000004H .rtc$IZZ                DATA
 0002:0000ce40 00000004H .rtc$TAA                DATA
 0002:0000ce44 0000001cH .rtc$TMZ                DATA
 0002:0000ce60 00000004H .rtc$TZZ                DATA
 0002:0000ce68 00000ac4H .xdata$x                DATA
 0002:0000d92c 00000028H .idata$2                DATA
 0002:0000d954 00000014H .idata$3                DATA
 0002:0000d968 00000278H .idata$4                DATA
 0002:0000dbe0 000005f4H .idata$6                DATA
 0002:0000e1e0 00000041H .edata                  DATA
 0003:00000000 000011e4H .data                   DATA
 0003:00001200 0000c2dcH .bss                    DATA

  Address         Publics by Value              Rva+Base       Lib:Object

 0000:00000000       __except_list              00000000     <absolute>
 0000:0000000b       ___safe_se_handler_count   0000000b     <absolute>
 0000:00000000       ___ImageBase               10000000     <linker-defined>
 0001:00000000       _ChangePalleteForOR        10001000 f   App200.obj
 0001:00000200       _FindBoxLostInPallete      10001200 f   App200.obj
 0001:000005d0       _LoadPalleteToContainer    100015d0 f   App200.obj
 0001:00000900       _SetContainerLockSignForPallete 10001900 f   App200.obj
 0001:00000af0       _InStock                   10001af0 f   App300.obj
 0001:00000f90       _InStockForOR              10001f90 f   App300.obj
 0001:00001740       _CheckInventoryForOS       10002740 f   App300.obj
 0001:00001ff0       _CheckInventoryForOR       10002ff0 f   App300.obj
 0001:00002670       _PrintPCLOR                10003670 f   App300.obj
 0001:00002720       _ShipOSOR                  10003720 f   App300.obj
 0001:000029e0       _Reservation               100039e0 f   App300.obj
 0001:00002c50       _PrintShippingToOS         10003c50 f   App300.obj
 0001:000037b0       _PrintShippingToOR         100047b0 f   App300.obj
 0001:00003be0       _ArrangeBoxToPallet        10004be0 f   App300.obj
 0001:00003c90       _ArrangeToPalletOS         10004c90 f   App300.obj
 0001:00003fc0       _ArrangeToPalletOR         10004fc0 f   App300.obj
 0001:00004120       _ReturnBoxToProduction     10005120 f   App400.obj
 0001:00004340       _BorrowBoxForOS            10005340 f   App400.obj
 0001:00004560       _TakeBoxBackForOS          10005560 f   App400.obj
 0001:00004b30       _InStockWhenCheckInventory 10005b30 f   App400.obj
 0001:00005370       _SwitchBoxInPallete        10006370 f   App400.obj
 0001:000057f0       _AddBoxFromOutsideIntoShippingTo 100067f0 f   App400.obj
 0001:00005cc0       _ReturnBoxFromShippingToReceived 10006cc0 f   App400.obj
 0001:000060b0       _OSReturnBoxFromInstockToReceive 100070b0 f   App400.obj
 0001:000064a0       _ORReturnBoxFromInstockToReceive 100074a0 f   App400.obj
 0001:000066a0       _ChangeEtdAndNOT           100076a0 f   App400.obj
 0001:00007060       _PrintLostShippingToOR     10008060 f   App400.obj
 0001:000071d0       _PrintShippingToSpecify    100081d0 f   App400.obj
 0001:00007bc0       _PrintReprintShippingTo    10008bc0 f   App400.obj
 0001:00007f70       _PrintLostShippingToOS     10008f70 f   App400.obj
 0001:000080f0       _TranferNumPLT             100090f0 f   App400.obj
 0001:00008360       _TransferPalleteTempInShippingTo 10009360 f   App400.obj
 0001:00008820       _TransferInstockToReserShip 10009820 f   App400.obj
 0001:00008cc0       _TransferAfterReser        10009cc0 f   App400.obj
 0001:00009170       _CheckBoxCanInsertToShippingTo 1000a170 f   App400.obj
 0001:000092d0       _FindBox                   1000a2d0 f   App400.obj
 0001:00009430       _CheckStatusOfShippingTo   1000a430 f   App400.obj
 0001:00009600       _WhPackageRecord           1000a600 f   App400.obj
 0001:000098e0       _InputPassword             1000a8e0 f   Common.obj
 0001:00009b50       _CheckAdminPassword        1000ab50 f   Common.obj
 0001:00009d20       _DataSend                  1000ad20 f   Common.obj
 0001:00009f30       _ShowMessage               1000af30 f   Common.obj
 0001:0000a110       _SetLocation               1000b110 f   Common.obj
 0001:0000a340       _MakeDataToSend            1000b340 f   Common.obj
 0001:0000a4a0       _GetBoxNoFromString        1000b4a0 f   Common.obj
 0001:0000a5f0       _CheckDataByType           1000b5f0 f   Common.obj
 0001:0000a9b0       _CheckDataExistInString    1000b9b0 f   Common.obj
 0001:0000abf0       _CheckDuplicate            1000bbf0 f   Common.obj
 0001:0000ae30       _GetUserAndLocation        1000be30 f   Common.obj
 0001:0000aeb0       _ReadData                  1000beb0 f   Common.obj
 0001:0000b500       _isLeapYear                1000c500 f   Common.obj
 0001:0000b560       _isValidDate               1000c560 f   Common.obj
 0001:0000b740       _GetCurrentDate            1000c740 f   Common.obj
 0001:0000b840       _SetBuzzerV                1000c840 f   Common.obj
 0001:0000b940       _main                      1000c940 f   main.obj
 0001:0000bad0       _MainProcess               1000cad0 f   main.obj
 0001:0000bef0       _ReadFunction              1000cef0 f   main.obj
 0001:0000c050       _CommandDistribution       1000d050 f   main.obj
 0001:0000c1e0       _App200Command             1000d1e0 f   main.obj
 0001:0000c2a0       _App300Command             1000d2a0 f   main.obj
 0001:0000c460       _App400Command             1000d460 f   main.obj
 0001:0000c7f0       _App500Command             1000d7f0 f   main.obj
 0001:0000c850       _DllMain@12                1000d850 f   TmApp.obj
 0001:0000c890       _AllInit                   1000d890 f   nokbt1500.obj
 0001:0000c8d0       _AllInitial                1000d8d0 f   nokbt1500.obj
 0001:0000cc40       _SetScanCode               1000dc40 f   nokbt1500.obj
 0001:0000cdb0       _WLAN_reset                1000ddb0 f   nokbt1500.obj
 0001:0000ce60       _SetAutoPowerOff           1000de60 f   nokbt1500.obj
 0001:0000cf00       _StartDisplay              1000df00 f   nokbt1500.obj
 0001:0000d010       _LineOut4                  1000e010 f   nokbt1500.obj
 0001:0000d180       _LineOut2                  1000e180 f   nokbt1500.obj
 0001:0000d2f0       _LineOut                   1000e2f0 f   nokbt1500.obj
 0001:0000d460       _ClineOut                  1000e460 f   nokbt1500.obj
 0001:0000d720       _LcdClear                  1000e720 f   nokbt1500.obj
 0001:0000d760       _SetScrollMsg              1000e760 f   nokbt1500.obj
 0001:0000d8d0       _ShowScrollScreen          1000e8d0 f   nokbt1500.obj
 0001:0000d9b0       _InputAlphabet             1000e9b0 f   nokbt1500.obj
 0001:0000dc50       _NoSel                     1000ec50 f   nokbt1500.obj
 0001:0000dd70       _NoSelEnableKey            1000ed70 f   nokbt1500.obj
 0001:0000e110       _PingTest                  1000f110 f   nokbt1500.obj
 0001:0000e260       _MenuScreen                1000f260 f   nokbt1500.obj
 0001:0000e370       _DspMsgBt                  1000f370 f   nokbt1500.obj
 0001:0000e3e0       _DspMsgBt2                 1000f3e0 f   nokbt1500.obj
 0001:0000e450       _DspMsgBt3                 1000f450 f   nokbt1500.obj
 0001:0000e740       _DspMsg                    1000f740 f   nokbt1500.obj
 0001:0000e7b0       _DspMsg2                   1000f7b0 f   nokbt1500.obj
 0001:0000e820       _BuzzerComp                1000f820 f   nokbt1500.obj
 0001:0000e860       _Buzzer                    1000f860 f   nokbt1500.obj
 0001:0000e8a0       _BuzzerV                   1000f8a0 f   nokbt1500.obj
 0001:0000e8f0       _Beep                      1000f8f0 f   nokbt1500.obj
 0001:0000e9b0       _OkNgDisp                  1000f9b0 f   nokbt1500.obj
 0001:0000edc0       _get_nowtime               1000fdc0 f   nokbt1500.obj
 0001:0000efd0       _Calctime                  1000ffd0 f   nokbt1500.obj
 0001:0000f180       _InputDate                 10010180 f   nokbt1500.obj
 0001:0000f310       _InputDateEng              10010310 f   nokbt1500.obj
 0001:0000f740       _Wait                      10010740 f   nokbt1500.obj
 0001:0000f790       _set_nowtime               10010790 f   nokbt1500.obj
 0001:0000f9a0       _htoi                      100109a0 f   nokbt1500.obj
 0001:0000fa80       _lTrim                     10010a80 f   nokbt1500.obj
 0001:0000faf0       _Trim                      10010af0 f   nokbt1500.obj
 0001:0000fbe0       _DataInputBt               10010be0 f   nokbt1500.obj
 0001:00010400       _DataInputBt2              10011400 f   nokbt1500.obj
 0001:00010b30       _DataInputBt3              10011b30 f   nokbt1500.obj
 0001:00011470       _atoi_bt                   10012470 f   nokbt1500.obj
 0001:000114b0       _Char2Num                  100124b0 f   nokbt1500.obj
 0001:00011520       _atof_bt                   10012520 f   nokbt1500.obj
 0001:00011600       _Char2Dec                  10012600 f   nokbt1500.obj
 0001:000119d0       _MasterFind                100129d0 f   nokbt1500.obj
 0001:00011bd0       _MasterUpd                 10012bd0 f   nokbt1500.obj
 0001:00011ea0       _WLAN_change_usr_pc        10012ea0 f   nokbt1500.obj
 0001:00011ff0       _WLAN_init                 10012ff0 f   nokbt1500.obj
 0001:00012190       _WLAN_setting              10013190 f   nokbt1500.obj
 0001:000122f0       _WLAN_setting_usr          100132f0 f   nokbt1500.obj
 0001:000123b0       _WLAN_settingEx            100133b0 f   nokbt1500.obj
 0001:00012930       _WLAN_settingIP            10013930 f   nokbt1500.obj
 0001:00012c80       _WLAN_setserver            10013c80 f   nokbt1500.obj
 0001:00012d40       _WLAN_send                 10013d40 f   nokbt1500.obj
 0001:00012dd0       _WLAN_sendBt               10013dd0 f   nokbt1500.obj
 0001:000135b0       _CloseSocket               100145b0 f   nokbt1500.obj
 0001:00013600       _UpdateProgram             10014600 f   nokbt1500.obj
 0001:00013c00       _LcdOut                    10014c00 f   nokbt1500.obj
 0001:00013cf0       _LcdOutLeg                 10014cf0 f   nokbt1500.obj
 0001:00013d60       _BarRead                   10014d60 f   nokbt1500.obj
 0001:00014150       _KeyInput                  10015150 f   nokbt1500.obj
 0001:00014340       _DataInput                 10015340 f   nokbt1500.obj
 0001:00014740       _FuncSel                   10015740 f   nokbt1500.obj
 0001:000149f0       _GetNowtime                100159f0 f   nokbt1500.obj
 0001:00014c80       _Ltime                     10015c80 f   nokbt1500.obj
 0001:00014d10       _btmemcpy                  10015d10 f   TmLib:TmLib.dll
 0001:00014d16       _btstrlen                  10015d16 f   TmLib:TmLib.dll
 0001:00014d1c       _btmemset                  10015d1c f   TmLib:TmLib.dll
 0001:00014d22       _btsprintf                 10015d22 f   TmLib:TmLib.dll
 0001:00014d28       _btMessageBoxEx            10015d28 f   TmLib:TmLib.dll
 0001:00014d2e       _btmemcmp                  10015d2e f   TmLib:TmLib.dll
 0001:00014d34       _btstrcpy                  10015d34 f   TmLib:TmLib.dll
 0001:00014d3a       _btstrstr                  10015d3a f   TmLib:TmLib.dll
 0001:00014d40       _btVibration               10015d40 f   TmLib:TmLib.dll
 0001:00014d46       _btClear                   10015d46 f   TmLib:TmLib.dll
 0001:00014d4c       _btGetDateTime             10015d4c f   TmLib:TmLib.dll
 0001:00014d52       _btBuzzer                  10015d52 f   TmLib:TmLib.dll
 0001:00014d58       _btLed                     10015d58 f   TmLib:TmLib.dll
 0001:00014d5e       _btVolume                  10015d5e f   TmLib:TmLib.dll
 0001:00014d64       _btMessageBox              10015d64 f   TmLib:TmLib.dll
 0001:00014d6a       _btSetBcrProperty          10015d6a f   TmLib:TmLib.dll
 0001:00014d70       _btNetworkOpen             10015d70 f   TmLib:TmLib.dll
 0001:00014d76       _btNetworkIsOpen           10015d76 f   TmLib:TmLib.dll
 0001:00014d7c       _btNetworkClose            10015d7c f   TmLib:TmLib.dll
 0001:00014d82       _btHandySetParameter       10015d82 f   TmLib:TmLib.dll
 0001:00014d88       _btKeyWaitEx               10015d88 f   TmLib:TmLib.dll
 0001:00014d8e       _btHandyGetParameter       10015d8e f   TmLib:TmLib.dll
 0001:00014d94       _btTbl2Code                10015d94 f   TmLib:TmLib.dll
 0001:00014d9a       _btKeyWait                 10015d9a f   TmLib:TmLib.dll
 0001:00014da0       _btKeyBufClear             10015da0 f   TmLib:TmLib.dll
 0001:00014da6       _btPrint                   10015da6 f   TmLib:TmLib.dll
 0001:00014dac       _btSetColor                10015dac f   TmLib:TmLib.dll
 0001:00014db2       _btGetColor                10015db2 f   TmLib:TmLib.dll
 0001:00014db8       _btLcdUpdate               10015db8 f   TmLib:TmLib.dll
 0001:00014dbe       _btViewer                  10015dbe f   TmLib:TmLib.dll
 0001:00014dc4       _btCursor                  10015dc4 f   TmLib:TmLib.dll
 0001:00014dca       _btInputString             10015dca f   TmLib:TmLib.dll
 0001:00014dd0       _btPing                    10015dd0 f   TmLib:TmLib.dll
 0001:00014dd6       _btSocketInet_addr         10015dd6 f   TmLib:TmLib.dll
 0001:00014ddc       _btNetworkGetParameter     10015ddc f   TmLib:TmLib.dll
 0001:00014de2       _btMenu                    10015de2 f   TmLib:TmLib.dll
 0001:00014de8       _btPrintg                  10015de8 f   TmLib:TmLib.dll
 0001:00014dee       _btAddDate                 10015dee f   TmLib:TmLib.dll
 0001:00014df4       _btchar2num                10015df4 f   TmLib:TmLib.dll
 0001:00014dfa       _btInputDate               10015dfa f   TmLib:TmLib.dll
 0001:00014e00       _btWait                    10015e00 f   TmLib:TmLib.dll
 0001:00014e06       _btSetDateTime             10015e06 f   TmLib:TmLib.dll
 0001:00014e0c       _btKeySense                10015e0c f   TmLib:TmLib.dll
 0001:00014e12       _btSetBcrCommonOption      10015e12 f   TmLib:TmLib.dll
 0001:00014e18       _btGetBcrCommonOption      10015e18 f   TmLib:TmLib.dll
 0001:00014e1e       _btstrcat                  10015e1e f   TmLib:TmLib.dll
 0001:00014e24       _btMasterRead              10015e24 f   TmLib:TmLib.dll
 0001:00014e2a       _btMasterClose             10015e2a f   TmLib:TmLib.dll
 0001:00014e30       _btMasterGetFirst          10015e30 f   TmLib:TmLib.dll
 0001:00014e36       _btMasterOpen              10015e36 f   TmLib:TmLib.dll
 0001:00014e3c       _btMasterRestore           10015e3c f   TmLib:TmLib.dll
 0001:00014e42       _btMasterAdd               10015e42 f   TmLib:TmLib.dll
 0001:00014e48       _btMasterModify            10015e48 f   TmLib:TmLib.dll
 0001:00014e4e       _btCopy                    10015e4e f   TmLib:TmLib.dll
 0001:00014e54       _btRemove                  10015e54 f   TmLib:TmLib.dll
 0001:00014e5a       _btSocketRecvfrom          10015e5a f   TmLib:TmLib.dll
 0001:00014e60       _btSocketGetLastError      10015e60 f   TmLib:TmLib.dll
 0001:00014e66       _btSocketSendto            10015e66 f   TmLib:TmLib.dll
 0001:00014e6c       _btFD_CLR                  10015e6c f   TmLib:TmLib.dll
 0001:00014e72       _btFD_ISSET                10015e72 f   TmLib:TmLib.dll
 0001:00014e78       _btSocketSelect            10015e78 f   TmLib:TmLib.dll
 0001:00014e7e       _btFD_SET                  10015e7e f   TmLib:TmLib.dll
 0001:00014e84       _btFD_ZERO                 10015e84 f   TmLib:TmLib.dll
 0001:00014e8a       _btSocketClose             10015e8a f   TmLib:TmLib.dll
 0001:00014e90       _btSocketShutdown          10015e90 f   TmLib:TmLib.dll
 0001:00014e96       _btSocketConnect           10015e96 f   TmLib:TmLib.dll
 0001:00014e9c       _btSocketHtons             10015e9c f   TmLib:TmLib.dll
 0001:00014ea2       _btSocketOpen              10015ea2 f   TmLib:TmLib.dll
 0001:00014ea8       _btChangeApplication       10015ea8 f   TmLib:TmLib.dll
 0001:00014eae       _btFileWrite               10015eae f   TmLib:TmLib.dll
 0001:00014eb4       _btFileClose               10015eb4 f   TmLib:TmLib.dll
 0001:00014eba       _btFileOpen                10015eba f   TmLib:TmLib.dll
 0001:00014ec0       _btSetKeyFunction          10015ec0 f   TmLib:TmLib.dll
 0001:00014ec6       _btGetKeyFunction          10015ec6 f   TmLib:TmLib.dll
 0001:00014ecc       _btnum2char                10015ecc f   TmLib:TmLib.dll
 0001:00014ee0       __RTC_CheckEsp             10015ee0 f   LIBCMTD:_stack_.obj
 0001:00014f10       @_RTC_CheckStackVars@8     10015f10 f   LIBCMTD:_stack_.obj
 0001:00014f80       @_RTC_AllocaHelper@12      10015f80 f   LIBCMTD:_stack_.obj
 0001:00014fc0       @_RTC_CheckStackVars2@12   10015fc0 f   LIBCMTD:_stack_.obj
 0001:000150a0       @__security_check_cookie@4 100160a0 f   LIBCMTD:secchk.obj
 0001:000150b0       __RTC_InitBase             100160b0 f   LIBCMTD:_init_.obj
 0001:000150e0       __RTC_Shutdown             100160e0 f   LIBCMTD:_init_.obj
 0001:00015100       __chkstk                   10016100 f   LIBCMTD:chkstk.obj
 0001:00015100       __alloca_probe             10016100     LIBCMTD:chkstk.obj
 0001:00015130       _strlen                    10016130 f   LIBCMTD:strlen.obj
 0001:000151c0       _atol                      100161c0 f   LIBCMTD:atox.obj
 0001:000151e0       __atol_l                   100161e0 f   LIBCMTD:atox.obj
 0001:00015200       _atoi                      10016200 f   LIBCMTD:atox.obj
 0001:00015220       __atoi_l                   10016220 f   LIBCMTD:atox.obj
 0001:00015240       __atoi64                   10016240 f   LIBCMTD:atox.obj
 0001:00015260       __atoi64_l                 10016260 f   LIBCMTD:atox.obj
 0001:00015280       _memcpy                    10016280 f   LIBCMTD:memcpy.obj
 0001:000155f0       _memset                    100165f0 f   LIBCMTD:memset.obj
 0001:00015670       __fpmath                   10016670 f   LIBCMTD:_fpinit_.obj
 0001:00015690       __cfltcvt_init             10016690 f   LIBCMTD:_fpinit_.obj
 0001:00015700       ___setfflag                10016700 f   LIBCMTD:_fpinit_.obj
 0001:00015720       __ftol2_sse                10016720 f   LIBCMTD:ftol2.obj
 0001:00015729       __ftol2_pentium4           10016729 f   LIBCMTD:ftol2.obj
 0001:0001573c       __ftol2_sse_excpt          1001673c f   LIBCMTD:ftol2.obj
 0001:00015756       __ftol2                    10016756 f   LIBCMTD:ftol2.obj
 0001:000157d0       __CRT_INIT@12              100167d0 f   LIBCMTD:dllcrt0.obj
 0001:000159f0       __DllMainCRTStartup@12     100169f0 f   LIBCMTD:dllcrt0.obj
 0001:00015be0       ?_RTC_Failure@@YAXPAXH@Z   10016be0 f   LIBCMTD:_error_.obj
 0001:00015f90       ?_RTC_StackFailure@@YAXPAXPBD@Z 10016f90 f   LIBCMTD:_error_.obj
 0001:00016090       ?_RTC_AllocaFailure@@YAXPAXPAU_RTC_ALLOCA_NODE@@H@Z 10017090 f   LIBCMTD:_error_.obj
 0001:00016240       __RTC_UninitUse            10017240 f   LIBCMTD:_error_.obj
 0001:00016330       ___report_gsfailure        10017330 f   LIBCMTD:gs_report.obj
 0001:00016440       __RTC_NumErrors            10017440 f   LIBCMTD:_userapi_.obj
 0001:00016450       __RTC_GetErrDesc           10017450 f   LIBCMTD:_userapi_.obj
 0001:00016470       __RTC_SetErrorType         10017470 f   LIBCMTD:_userapi_.obj
 0001:000164a0       __RTC_SetErrorFunc         100174a0 f   LIBCMTD:_userapi_.obj
 0001:000164c0       __RTC_SetErrorFuncW        100174c0 f   LIBCMTD:_userapi_.obj
 0001:000164e0       ?_RTC_GetErrorFunc@@YAP6AHHPBDH00ZZPBX@Z 100174e0 f   LIBCMTD:_userapi_.obj
 0001:000164f0       ?_RTC_GetErrorFuncW@@YAP6AHHPB_WH00ZZPBX@Z 100174f0 f   LIBCMTD:_userapi_.obj
 0001:00016500       __chkesp                   10017500 f   LIBCMTD:chkesp.obj
 0001:00016540       __CRT_RTC_INIT             10017540 f   LIBCMTD:chkesp.obj
 0001:00016550       __CRT_RTC_INITW            10017550 f   LIBCMTD:chkesp.obj
 0001:00016560       _strtol                    10017560 f   LIBCMTD:strtol.obj
 0001:00016a90       ??0_LocaleUpdate@@QAE@PAUlocaleinfo_struct@@@Z 10017a90 f i LIBCMTD:strtol.obj
 0001:00016b70       ??1_LocaleUpdate@@QAE@XZ   10017b70 f i LIBCMTD:strtol.obj
 0001:00016ba0       ?GetLocaleT@_LocaleUpdate@@QAEPAUlocaleinfo_struct@@XZ 10017ba0 f i LIBCMTD:strtol.obj
 0001:00016bb0       __strtol_l                 10017bb0 f   LIBCMTD:strtol.obj
 0001:00016be0       _strtoul                   10017be0 f   LIBCMTD:strtol.obj
 0001:00016c30       __strtoul_l                10017c30 f   LIBCMTD:strtol.obj
 0001:00016c60       __strtoi64                 10017c60 f   LIBCMTD:strtoq.obj
 0001:000171d0       __strtoi64_l               100181d0 f   LIBCMTD:strtoq.obj
 0001:00017200       __strtoui64                10018200 f   LIBCMTD:strtoq.obj
 0001:00017250       __strtoui64_l              10018250 f   LIBCMTD:strtoq.obj
 0001:00017280       __VEC_memcpy               10018280 f   LIBCMTD:p4_memcpy.obj
 0001:00017390       ___sse2_available_init     10018390 f   LIBCMTD:cpu_disp.obj
 0001:000173b0       __VEC_memzero              100183b0 f   LIBCMTD:p4_memset.obj
 0001:00017470       __setdefaultprecision      10018470 f   LIBCMTD:fp8.obj
 0001:000174b0       __invoke_watson_if_error   100184b0 f i LIBCMTD:fp8.obj
 0001:000174e0       __forcdecpt                100184e0 f   LIBCMTD:cvt.obj
 0001:00017500       __forcdecpt_l              10018500 f   LIBCMTD:cvt.obj
 0001:000175c0       __cropzeros                100185c0 f   LIBCMTD:cvt.obj
 0001:000175e0       __cropzeros_l              100185e0 f   LIBCMTD:cvt.obj
 0001:000176f0       __positive                 100186f0 f   LIBCMTD:cvt.obj
 0001:00017720       __fassign_l                10018720 f   LIBCMTD:cvt.obj
 0001:00017780       __fassign                  10018780 f   LIBCMTD:cvt.obj
 0001:000177a0       __cftoe_l                  100187a0 f   LIBCMTD:cvt.obj
 0001:00017cf0       __cftoe                    10018cf0 f   LIBCMTD:cvt.obj
 0001:00017d20       __cftoa_l                  10018d20 f   LIBCMTD:cvt.obj
 0001:00018500       ?strrchr@@YAPADPADH@Z      10019500 f i LIBCMTD:cvt.obj
 0001:00018520       __cftoa                    10019520 f   LIBCMTD:cvt.obj
 0001:00018550       __cftof_l                  10019550 f   LIBCMTD:cvt.obj
 0001:00018960       __cftof                    10019960 f   LIBCMTD:cvt.obj
 0001:00018990       __cftog_l                  10019990 f   LIBCMTD:cvt.obj
 0001:00018bc0       __cftog                    10019bc0 f   LIBCMTD:cvt.obj
 0001:00018bf0       __cfltcvt_l                10019bf0 f   LIBCMTD:cvt.obj
 0001:00018cb0       __cfltcvt                  10019cb0 f   LIBCMTD:cvt.obj
 0001:00018d10       __initp_misc_cfltcvt_tab   10019d10 f   LIBCMTD:cmiscdat.obj
 0001:00018d50       __encoded_null             10019d50 f   LIBCMTD:tidtable.obj
 0001:00018d60       ___crtTlsAlloc@4           10019d60 f   LIBCMTD:tidtable.obj
 0001:00018d70       ___fls_getvalue@4          10019d70 f   LIBCMTD:tidtable.obj
 0001:00018d90       ___get_flsindex            10019d90 f   LIBCMTD:tidtable.obj
 0001:00018da0       ___set_flsgetvalue         10019da0 f   LIBCMTD:tidtable.obj
 0001:00018df0       ___fls_setvalue@8          10019df0 f   LIBCMTD:tidtable.obj
 0001:00018e10       __mtinit                   10019e10 f   LIBCMTD:tidtable.obj
 0001:00019010       __mtterm                   1001a010 f   LIBCMTD:tidtable.obj
 0001:00019070       __initptd                  1001a070 f   LIBCMTD:tidtable.obj
 0001:000191a0       __getptd_noexit            1001a1a0 f   LIBCMTD:tidtable.obj
 0001:00019260       __getptd                   1001a260 f   LIBCMTD:tidtable.obj
 0001:00019290       __freefls@4                1001a290 f   LIBCMTD:tidtable.obj
 0001:000194a0       __freeptd                  1001a4a0 f   LIBCMTD:tidtable.obj
 0001:00019520       ___threadid                1001a520 f   LIBCMTD:tidtable.obj
 0001:00019530       ___threadhandle            1001a530 f   LIBCMTD:tidtable.obj
 0001:00019540       __malloc_dbg               1001a540 f   LIBCMTD:dbgheap.obj
 0001:00019570       __nh_malloc                1001a570 f   LIBCMTD:dbgheap.obj
 0001:00019590       __nh_malloc_dbg            1001a590 f   LIBCMTD:dbgheap.obj
 0001:00019670       __heap_alloc               1001a670 f   LIBCMTD:dbgheap.obj
 0001:00019a50       __heap_alloc_dbg           1001aa50 f   LIBCMTD:dbgheap.obj
 0001:00019ab0       __calloc_dbg_impl          1001aab0 f   LIBCMTD:dbgheap.obj
 0001:00019b30       __calloc_dbg               1001ab30 f   LIBCMTD:dbgheap.obj
 0001:00019b90       __recalloc                 1001ab90 f   LIBCMTD:dbgheap.obj
 0001:00019bc0       __realloc_dbg              1001abc0 f   LIBCMTD:dbgheap.obj
 0001:0001a260       __recalloc_dbg             1001b260 f   LIBCMTD:dbgheap.obj
 0001:0001a310       __expand                   1001b310 f   LIBCMTD:dbgheap.obj
 0001:0001a340       __expand_dbg               1001b340 f   LIBCMTD:dbgheap.obj
 0001:0001a450       __free_nolock              1001b450 f   LIBCMTD:dbgheap.obj
 0001:0001a470       __free_dbg                 1001b470 f   LIBCMTD:dbgheap.obj
 0001:0001a4f0       __free_dbg_nolock          1001b4f0 f   LIBCMTD:dbgheap.obj
 0001:0001a9d0       __msize                    1001b9d0 f   LIBCMTD:dbgheap.obj
 0001:0001a9f0       __msize_dbg                1001b9f0 f   LIBCMTD:dbgheap.obj
 0001:0001abe0       __CrtSetBreakAlloc         1001bbe0 f   LIBCMTD:dbgheap.obj
 0001:0001ac00       __CrtSetDbgBlockType       1001bc00 f   LIBCMTD:dbgheap.obj
 0001:0001acf0       __CrtSetAllocHook          1001bcf0 f   LIBCMTD:dbgheap.obj
 0001:0001ad10       __CrtGetAllocHook          1001bd10 f   LIBCMTD:dbgheap.obj
 0001:0001ad60       __CrtCheckMemory           1001bd60 f   LIBCMTD:dbgheap.obj
 0001:0001b1c0       __CrtSetDbgFlag            1001c1c0 f   LIBCMTD:dbgheap.obj
 0001:0001b310       __CrtDoForAllClientObjects 1001c310 f   LIBCMTD:dbgheap.obj
 0001:0001b430       __CrtIsValidPointer        1001c430 f   LIBCMTD:dbgheap.obj
 0001:0001b440       __CrtIsValidHeapPointer    1001c440 f   LIBCMTD:dbgheap.obj
 0001:0001b490       __CrtIsMemoryBlock         1001c490 f   LIBCMTD:dbgheap.obj
 0001:0001b600       __CrtReportBlockType       1001c600 f   LIBCMTD:dbgheap.obj
 0001:0001b630       __CrtSetDumpClient         1001c630 f   LIBCMTD:dbgheap.obj
 0001:0001b650       __CrtGetDumpClient         1001c650 f   LIBCMTD:dbgheap.obj
 0001:0001b660       __CrtMemCheckpoint         1001c660 f   LIBCMTD:dbgheap.obj
 0001:0001b880       __CrtMemDifference         1001c880 f   LIBCMTD:dbgheap.obj
 0001:0001baa0       __CrtMemDumpAllObjectsSince 1001caa0 f   LIBCMTD:dbgheap.obj
 0001:0001bf90       __invoke_watson_if_oneof   1001cf90 f i LIBCMTD:dbgheap.obj
 0001:0001bfd0       __CrtDumpMemoryLeaks       1001cfd0 f   LIBCMTD:dbgheap.obj
 0001:0001c050       __CrtMemDumpStatistics     1001d050 f   LIBCMTD:dbgheap.obj
 0001:0001c160       __aligned_malloc           1001d160 f   LIBCMTD:dbgheap.obj
 0001:0001c180       __aligned_malloc_dbg       1001d180 f   LIBCMTD:dbgheap.obj
 0001:0001c1b0       __aligned_realloc          1001d1b0 f   LIBCMTD:dbgheap.obj
 0001:0001c1e0       __aligned_recalloc         1001d1e0 f   LIBCMTD:dbgheap.obj
 0001:0001c210       __aligned_realloc_dbg      1001d210 f   LIBCMTD:dbgheap.obj
 0001:0001c240       __aligned_recalloc_dbg     1001d240 f   LIBCMTD:dbgheap.obj
 0001:0001c270       __aligned_offset_malloc    1001d270 f   LIBCMTD:dbgheap.obj
 0001:0001c290       __aligned_offset_malloc_dbg 1001d290 f   LIBCMTD:dbgheap.obj
 0001:0001c450       __aligned_offset_realloc   1001d450 f   LIBCMTD:dbgheap.obj
 0001:0001c480       __aligned_offset_recalloc  1001d480 f   LIBCMTD:dbgheap.obj
 0001:0001c4b0       __aligned_offset_realloc_dbg 1001d4b0 f   LIBCMTD:dbgheap.obj
 0001:0001c7a0       __aligned_offset_recalloc_dbg 1001d7a0 f   LIBCMTD:dbgheap.obj
 0001:0001c860       __aligned_free             1001d860 f   LIBCMTD:dbgheap.obj
 0001:0001c880       __aligned_free_dbg         1001d880 f   LIBCMTD:dbgheap.obj
 0001:0001c930       __CrtSetDebugFillThreshold 1001d930 f   LIBCMTD:dbgheap.obj
 0001:0001c950       __CrtSetCheckCount         1001d950 f   LIBCMTD:dbgheap.obj
 0001:0001c970       __CrtGetCheckCount         1001d970 f   LIBCMTD:dbgheap.obj
 0001:0001c980       __aligned_msize            1001d980 f   LIBCMTD:dbgheap.obj
 0001:0001c9a0       __aligned_msize_dbg        1001d9a0 f   LIBCMTD:dbgheap.obj
 0001:0001cab0       __cinit                    1001dab0 f   LIBCMTD:crt0dat.obj
 0001:0001cb50       _exit                      1001db50 f   LIBCMTD:crt0dat.obj
 0001:0001cb70       __exit                     1001db70 f   LIBCMTD:crt0dat.obj
 0001:0001cb90       __cexit                    1001db90 f   LIBCMTD:crt0dat.obj
 0001:0001cbb0       __c_exit                   1001dbb0 f   LIBCMTD:crt0dat.obj
 0001:0001cbd0       __amsg_exit                1001dbd0 f   LIBCMTD:crt0dat.obj
 0001:0001cc00       ___freeCrtMemory           1001dc00 f   LIBCMTD:crt0dat.obj
 0001:0001cf40       ___crtCorExitProcess       1001df40 f   LIBCMTD:crt0dat.obj
 0001:0001cf80       ___crtExitProcess          1001df80 f   LIBCMTD:crt0dat.obj
 0001:0001cfa0       __lockexit                 1001dfa0 f   LIBCMTD:crt0dat.obj
 0001:0001cfc0       __unlockexit               1001dfc0 f   LIBCMTD:crt0dat.obj
 0001:0001cfe0       __init_pointers            1001dfe0 f   LIBCMTD:crt0dat.obj
 0001:0001d070       __initterm_e               1001e070 f   LIBCMTD:crt0dat.obj
 0001:0001d0b0       __get_wpgmptr              1001e0b0 f   LIBCMTD:crt0dat.obj
 0001:0001d1a0       __get_pgmptr               1001e1a0 f   LIBCMTD:crt0dat.obj
 0001:0001d290       __ioinit                   1001e290 f   LIBCMTD:ioinit.obj
 0001:0001d6a0       __ioterm                   1001e6a0 f   LIBCMTD:ioinit.obj
 0001:0001d740       __setenvp                  1001e740 f   LIBCMTD:stdenvp.obj
 0001:0001d8e0       __setargv                  1001e8e0 f   LIBCMTD:stdargv.obj
 0001:0001da00       __set_pgmptr               1001ea00 f i LIBCMTD:stdargv.obj
 0001:0001dd70       ___crtGetEnvironmentStringsA 1001ed70 f   LIBCMTD:a_env.obj
 0001:0001de70       __RTC_Initialize           1001ee70 f   LIBCMTD:_initsect_.obj
 0001:0001dea0       __RTC_Terminate            1001eea0 f   LIBCMTD:_initsect_.obj
 0001:0001ded0       __heap_init                1001eed0 f   LIBCMTD:heapinit.obj
 0001:0001df10       __heap_term                1001ef10 f   LIBCMTD:heapinit.obj
 0001:0001df30       __get_heap_handle          1001ef30 f   LIBCMTD:heapinit.obj
 0001:0001df70       __except_handler4          1001ef70 f   LIBCMTD:chandler4.obj
 0001:0001e190       ___security_init_cookie    1001f190 f   LIBCMTD:gs_support.obj
 0001:0001e270       ___CppXcptFilter           1001f270 f   LIBCMTD:winxfltr.obj
 0001:0001e2a0       __XcptFilter               1001f2a0 f   LIBCMTD:winxfltr.obj
 0001:0001e500       ?_RTC_GetSrcLine@@YAHPAEPA_WKPAH1K@Z 1001f500 f   LIBCMTD:_pdblkup_.obj
 0001:0001eb50       __CrtDefaultAllocHook      1001fb50 f   LIBCMTD:dbghook.obj
 0001:0001eb60       __crt_debugger_hook        1001fb60 f   LIBCMTD:dbghook.obj
 0001:0001eb80       __CrtSetReportHook2        1001fb80 f   LIBCMTD:dbgrpt.obj
 0001:0001eeb0       __CrtDbgReport             1001feb0 f   LIBCMTD:dbgrpt.obj
 0001:0001eef0       __CrtDbgReportV            1001fef0 f i LIBCMTD:dbgrpt.obj
 0001:0001ef20       ___crtMessageWindowA       1001ff20 f   LIBCMTD:dbgrpt.obj
 0001:0001f320       __CrtSetReportHookW2       10020320 f   LIBCMTD:dbgrptw.obj
 0001:0001f650       __CrtDbgReportW            10020650 f   LIBCMTD:dbgrptw.obj
 0001:0001f690       __CrtDbgReportWV           10020690 f i LIBCMTD:dbgrptw.obj
 0001:0001f6c0       ___crtMessageWindowW       100206c0 f   LIBCMTD:dbgrptw.obj
 0001:0001fac0       ?_CrtDbgReportW@@YAHHPBGH00ZZ 10020ac0 f   LIBCMTD:dbgrptw.obj
 0001:0001fb00       ____setlc_active_func      10020b00 f   LIBCMTD:setlocal.obj
 0001:0001fb10       ____unguarded_readlc_active_add_func 10020b10 f   LIBCMTD:setlocal.obj
 0001:0001fb20       __configthreadlocale       10020b20 f   LIBCMTD:setlocal.obj
 0001:0001fc30       __locterm                  10020c30 f   LIBCMTD:setlocal.obj
 0001:0001fcd0       __free_locale              10020cd0 f   LIBCMTD:setlocal.obj
 0001:0001fe10       ___free_locale             10020e10 f   LIBCMTD:setlocal.obj
 0001:0001fe30       __create_locale            10020e30 f   LIBCMTD:setlocal.obj
 0001:00020060       ___create_locale           10021060 f   LIBCMTD:setlocal.obj
 0001:00020080       __get_current_locale       10021080 f   LIBCMTD:setlocal.obj
 0001:000201a0       ___get_current_locale      100211a0 f   LIBCMTD:setlocal.obj
 0001:000201b0       _setlocale                 100211b0 f   LIBCMTD:setlocal.obj
 0001:00021060       __expandlocale             10022060 f   LIBCMTD:setlocal.obj
 0001:00021310       ___init_dummy              10022310 f   LIBCMTD:setlocal.obj
 0001:00021320       __strcats                  10022320 f   LIBCMTD:setlocal.obj
 0001:000213a0       ___lc_strtolc              100223a0 f   LIBCMTD:setlocal.obj
 0001:000215a0       ___lc_lctostr              100225a0 f   LIBCMTD:setlocal.obj
 0001:00021640       __chvalidator              10022640 f   LIBCMTD:isctype.obj
 0001:00021690       __chvalidator_l            10022690 f   LIBCMTD:isctype.obj
 0001:00021740       __isctype_l                10022740 f   LIBCMTD:isctype.obj
 0001:00021860       __isctype                  10022860 f   LIBCMTD:isctype.obj
 0001:000218a0       __initp_misc_invarg        100228a0 f   LIBCMTD:invarg.obj
 0001:000218b0       __invalid_parameter        100228b0 f   LIBCMTD:invarg.obj
 0001:00021910       __invoke_watson            10022910 f   LIBCMTD:invarg.obj
 0001:00021940       __call_reportfault         10022940 f   LIBCMTD:invarg.obj
 0001:00021a90       __set_invalid_parameter_handler 10022a90 f   LIBCMTD:invarg.obj
 0001:00021ad0       __get_invalid_parameter_handler 10022ad0 f   LIBCMTD:invarg.obj
 0001:00021b00       ?_invalid_parameter@@YAXPBG00II@Z 10022b00 f   LIBCMTD:invarg.obj
 0001:00021b30       ?_invoke_watson@@YAXPBG00II@Z 10022b30 f   LIBCMTD:invarg.obj
 0001:00021b50       __dosmaperr                10022b50 f   LIBCMTD:dosmap.obj
 0001:00021b80       __get_errno_from_oserr     10022b80 f   LIBCMTD:dosmap.obj
 0001:00021c00       __set_errno                10022c00 f   LIBCMTD:dosmap.obj
 0001:00021c30       __get_errno                10022c30 f   LIBCMTD:dosmap.obj
 0001:00021cb0       __set_doserrno             10022cb0 f   LIBCMTD:dosmap.obj
 0001:00021ce0       __get_doserrno             10022ce0 f   LIBCMTD:dosmap.obj
 0001:00021d60       __errno                    10022d60 f   LIBCMTD:dosmap.obj
 0001:00021d90       ___doserrno                10022d90 f   LIBCMTD:dosmap.obj
 0001:00021dc0       ?_JumpToContinuation@@YGXPAXPAUEHRegistrationNode@@@Z 10022dc0 f   LIBCMTD:_trnsctrl_.obj
 0001:00021e00       ?_CallMemberFunction0@@YGXPAX0@Z 10022e00 f   LIBCMTD:_trnsctrl_.obj
 0001:00021e10       ?_CallMemberFunction1@@YGXPAX00@Z 10022e10 f   LIBCMTD:_trnsctrl_.obj
 0001:00021e20       ?_CallMemberFunction2@@YGXPAX00H@Z 10022e20 f   LIBCMTD:_trnsctrl_.obj
 0001:00021e30       ?_UnwindNestedFrames@@YGXPAUEHRegistrationNode@@PAUEHExceptionRecord@@@Z 10022e30 f   LIBCMTD:_trnsctrl_.obj
 0001:00021e90       ___CxxFrameHandler         10022e90 f   LIBCMTD:_trnsctrl_.obj
 0001:00021ed0       ___CxxFrameHandler3        10022ed0 f   LIBCMTD:_trnsctrl_.obj
 0001:00021f10       ___CxxFrameHandler2        10022f10 f   LIBCMTD:_trnsctrl_.obj
 0001:00021f50       ___CxxLongjmpUnwind@4      10022f50 f   LIBCMTD:_trnsctrl_.obj
 0001:00021f80       ?_CallCatchBlock2@@YAPAXPAUEHRegistrationNode@@PBU_s_FuncInfo@@PAXHK@Z 10022f80 f   LIBCMTD:_trnsctrl_.obj
 0001:00022040       ?_CallSETranslator@@YAHPAUEHExceptionRecord@@PAUEHRegistrationNode@@PAX2PBU_s_FuncInfo@@H1@Z 10023040 f   LIBCMTD:_trnsctrl_.obj
 0001:000221e0       ?_GetRangeOfTrysToCheck@@YAPBU_s_TryBlockMapEntry@@PBU_s_FuncInfo@@HHPAI1@Z 100231e0 f   LIBCMTD:_trnsctrl_.obj
 0001:00022260       __CreateFrameInfo          10023260 f   LIBCMTD:_trnsctrl_.obj
 0001:00022290       __IsExceptionObjectToBeDestroyed 10023290 f   LIBCMTD:_trnsctrl_.obj
 0001:000222c0       __FindAndUnlinkFrame       100232c0 f   LIBCMTD:_trnsctrl_.obj
 0001:00022320       ___updatetmbcinfo          10023320 f   LIBCMTD:mbctype.obj
 0001:00022430       __setmbcp                  10023430 f   LIBCMTD:mbctype.obj
 0001:000227e0       __setmbcp_nolock           100237e0 f   LIBCMTD:mbctype.obj
 0001:00022fd0       __getmbcp                  10023fd0 f   LIBCMTD:mbctype.obj
 0001:00023040       ___initmbctable            10024040 f   LIBCMTD:mbctype.obj
 0001:00023070       ___addlocaleref            10024070 f   LIBCMTD:localref.obj
 0001:00023190       ___removelocaleref         10024190 f   LIBCMTD:localref.obj
 0001:000232c0       ___freetlocinfo            100242c0 f   LIBCMTD:localref.obj
 0001:000235a0       __updatetlocinfoEx_nolock  100245a0 f   LIBCMTD:localref.obj
 0001:00023620       ___updatetlocinfo          10024620 f   LIBCMTD:localref.obj
 0001:000236f0       __allmul                   100246f0 f   LIBCMTD:llmul.obj
 0001:00023730       __aullrem                  10024730 f   LIBCMTD:ullrem.obj
 0001:000237b0       __aulldiv                  100247b0 f   LIBCMTD:ulldiv.obj
 0001:00023820       __controlfp_s              10024820 f   LIBCMTD:_contrlfp_.obj
 0001:00023900       __isalpha_l                10024900 f i LIBCMTD:_ctype.obj
 0001:00023990       _isalpha                   10024990 f i LIBCMTD:_ctype.obj
 0001:000239d0       __isupper_l                100249d0 f i LIBCMTD:_ctype.obj
 0001:00023a50       _isupper                   10024a50 f i LIBCMTD:_ctype.obj
 0001:00023a80       __islower_l                10024a80 f i LIBCMTD:_ctype.obj
 0001:00023b00       _islower                   10024b00 f i LIBCMTD:_ctype.obj
 0001:00023b30       __isdigit_l                10024b30 f i LIBCMTD:_ctype.obj
 0001:00023bb0       _isdigit                   10024bb0 f i LIBCMTD:_ctype.obj
 0001:00023be0       __isxdigit_l               10024be0 f i LIBCMTD:_ctype.obj
 0001:00023c70       _isxdigit                  10024c70 f i LIBCMTD:_ctype.obj
 0001:00023cb0       __isspace_l                10024cb0 f i LIBCMTD:_ctype.obj
 0001:00023d30       _isspace                   10024d30 f i LIBCMTD:_ctype.obj
 0001:00023d60       __ispunct_l                10024d60 f i LIBCMTD:_ctype.obj
 0001:00023de0       _ispunct                   10024de0 f i LIBCMTD:_ctype.obj
 0001:00023e10       __isalnum_l                10024e10 f i LIBCMTD:_ctype.obj
 0001:00023ea0       _isalnum                   10024ea0 f i LIBCMTD:_ctype.obj
 0001:00023ee0       __isprint_l                10024ee0 f i LIBCMTD:_ctype.obj
 0001:00023f70       _isprint                   10024f70 f i LIBCMTD:_ctype.obj
 0001:00023fb0       __isgraph_l                10024fb0 f i LIBCMTD:_ctype.obj
 0001:00024040       _isgraph                   10025040 f i LIBCMTD:_ctype.obj
 0001:00024080       __iscntrl_l                10025080 f i LIBCMTD:_ctype.obj
 0001:00024100       _iscntrl                   10025100 f i LIBCMTD:_ctype.obj
 0001:00024130       ___isascii                 10025130 f i LIBCMTD:_ctype.obj
 0001:00024150       ___toascii                 10025150 f i LIBCMTD:_ctype.obj
 0001:00024160       __iscsymf_l                10025160 f i LIBCMTD:_ctype.obj
 0001:000241a0       ___iscsymf                 100251a0 f i LIBCMTD:_ctype.obj
 0001:000241e0       __iscsym_l                 100251e0 f i LIBCMTD:_ctype.obj
 0001:00024220       ___iscsym                  10025220 f i LIBCMTD:_ctype.obj
 0001:00024260       __tolower                  10025260 f   LIBCMTD:tolower.obj
 0001:00024270       __tolower_l                10025270 f   LIBCMTD:tolower.obj
 0001:00024450       _tolower                   10025450 f   LIBCMTD:tolower.obj
 0001:000244a0       __atodbl_l                 100254a0 f   LIBCMTD:atodbl.obj
 0001:000245b0       __atodbl                   100255b0 f   LIBCMTD:atodbl.obj
 0001:000245d0       __atoldbl_l                100255d0 f   LIBCMTD:atodbl.obj
 0001:000246e0       __atoldbl                  100256e0 f   LIBCMTD:atodbl.obj
 0001:00024700       __atoflt_l                 10025700 f   LIBCMTD:atodbl.obj
 0001:00024810       __atoflt                   10025810 f   LIBCMTD:atodbl.obj
 0001:00024830       __fptostr                  10025830 f   LIBCMTD:_fptostr.obj
 0001:00024ae0       __fltout2                  10025ae0 f   LIBCMTD:_cfout_.obj
 0001:00024b90       ___dtold                   10025b90 f   LIBCMTD:_cfout_.obj
 0001:00024cf0       _memmove                   10025cf0 f   LIBCMTD:memmove.obj
 0001:00025060       __set_output_format        10026060 f   LIBCMTD:outputformat.obj
 0001:000250e0       __get_output_format        100260e0 f   LIBCMTD:outputformat.obj
 0001:000250f0       _strcpy_s                  100260f0 f   LIBCMTD:strcpy_s.obj
 0001:000253d0       __allrem                   100263d0 f   LIBCMTD:llrem.obj
 0001:00025490       __alldiv                   10026490 f   LIBCMTD:lldiv.obj
 0001:00025540       __allshl                   10026540 f   LIBCMTD:llshl.obj
 0001:00025560       __aullshr                  10026560 f   LIBCMTD:ullshr.obj
 0001:00025580       _strrchr                   10026580 f   LIBCMTD:strrchr.obj
 0001:000255b0       __fptrap                   100265b0 f   LIBCMTD:crt0fp.obj
 0001:000255d0       __mtinitlocks              100265d0 f   LIBCMTD:mlock.obj
 0001:00025660       __mtdeletelocks            10026660 f   LIBCMTD:mlock.obj
 0001:00025720       __mtinitlocknum            10026720 f   LIBCMTD:mlock.obj
 0001:00025870       __lock                     10026870 f   LIBCMTD:mlock.obj
 0001:000258b0       __unlock                   100268b0 f   LIBCMTD:mlock.obj
 0001:000258d0       __lockerr_exit             100268d0 f   LIBCMTD:mlock.obj
 0001:000258f0       __initp_heap_handler       100268f0 f   LIBCMTD:handler.obj
 0001:00025900       ?_set_new_handler@@YAP6AHI@ZP6AHI@Z@Z 10026900 f   LIBCMTD:handler.obj
 0001:00025940       ?_set_new_handler@@YAP6AHI@ZH@Z 10026940 f   LIBCMTD:handler.obj
 0001:00025980       ?_query_new_handler@@YAP6AHI@ZXZ 10026980 f   LIBCMTD:handler.obj
 0001:000259a0       __callnewh                 100269a0 f   LIBCMTD:handler.obj
 0001:000259e0       __malloc_base              100269e0 f   LIBCMTD:malloc.obj
 0001:00025a70       __heap_alloc_base          10026a70 f i LIBCMTD:malloc.obj
 0001:00025ad0       __expand_base              10026ad0 f   LIBCMTD:expand.obj
 0001:00025c30       __realloc_base             10026c30 f   LIBCMTD:realloc.obj
 0001:00025d30       __free_base                10026d30 f   LIBCMTD:free.obj
 0001:00025d80       __heapchk                  10026d80 f   LIBCMTD:heapchk.obj
 0001:00025db0       __heapset                  10026db0 f   LIBCMTD:heapchk.obj
 0001:00025dc0       _sprintf                   10026dc0 f   LIBCMTD:sprintf.obj
 0001:00025f60       __sprintf_l                10026f60 f   LIBCMTD:sprintf.obj
 0001:00025f90       _sprintf_s                 10026f90 f   LIBCMTD:sprintf.obj
 0001:00025fc0       __sprintf_s_l              10026fc0 f   LIBCMTD:sprintf.obj
 0001:00025ff0       __snprintf_s               10026ff0 f   LIBCMTD:sprintf.obj
 0001:00026020       __snprintf_s_l             10027020 f   LIBCMTD:sprintf.obj
 0001:00026050       __sprintf_p                10027050 f   LIBCMTD:sprintf.obj
 0001:00026080       __sprintf_p_l              10027080 f   LIBCMTD:sprintf.obj
 0001:000260b0       __scprintf                 100270b0 f   LIBCMTD:sprintf.obj
 0001:000260d0       __scprintf_p               100270d0 f   LIBCMTD:sprintf.obj
 0001:000260f0       __scprintf_l               100270f0 f   LIBCMTD:sprintf.obj
 0001:00026120       __scprintf_p_l             10027120 f   LIBCMTD:sprintf.obj
 0001:00026150       __onexit                   10027150 f   LIBCMTD:onexit.obj
 0001:00026320       _atexit                    10027320 f   LIBCMTD:onexit.obj
 0001:00026340       ___onexitinit              10027340 f   LIBCMTD:onexit.obj
 0001:000263a0       __ValidateImageBase        100273a0 f   LIBCMTD:pesect.obj
 0001:00026400       __FindPESection            10027400 f   LIBCMTD:pesect.obj
 0001:00026480       __IsNonwritableInCurrentImage 10027480 f   LIBCMTD:pesect.obj
 0001:000265a0       __FF_MSGBANNER             100275a0 f   LIBCMTD:crt0msg.obj
 0001:000265f0       __GET_RTERRMSG             100275f0 f   LIBCMTD:crt0msg.obj
 0001:00026640       __NMSG_WRITE               10027640 f   LIBCMTD:crt0msg.obj
 0001:00026980       __initp_eh_hooks           10027980 f   LIBCMTD:hooks.obj
 0001:000269a0       ?terminate@@YAXXZ          100279a0 f   LIBCMTD:hooks.obj
 0001:00026a20       ?unexpected@@YAXXZ         10027a20 f   LIBCMTD:hooks.obj
 0001:00026a50       ?_inconsistency@@YAXXZ     10027a50 f   LIBCMTD:hooks.obj
 0001:00026ae0       __initp_misc_winsig        10027ae0 f   LIBCMTD:winsig.obj
 0001:00026b10       _signal                    10027b10 f   LIBCMTD:winsig.obj
 0001:00026fb0       _raise                     10027fb0 f   LIBCMTD:winsig.obj
 0001:00027320       ___get_sigabrt             10028320 f   LIBCMTD:winsig.obj
 0001:00027340       ___fpecode                 10028340 f   LIBCMTD:winsig.obj
 0001:00027350       ___pxcptinfoptrs           10028350 f   LIBCMTD:winsig.obj
 0001:00027360       __initp_misc_rand_s        10028360 f   LIBCMTD:rand_s.obj
 0001:00027370       _rand_s                    10028370 f   LIBCMTD:rand_s.obj
 0001:00027590       ___getlocaleinfo           10028590 f   LIBCMTD:inithelp.obj
 0001:00027870       __initp_misc_purevirt      10028870 f   LIBCMTD:inithelp.obj
 0001:00027880       __ismbbkalnum_l            10028880 f   LIBCMTD:ismbbyte.obj
 0001:000278a0       __ismbbkalnum              100288a0 f   LIBCMTD:ismbbyte.obj
 0001:000278c0       __ismbbkprint_l            100288c0 f   LIBCMTD:ismbbyte.obj
 0001:000278e0       __ismbbkprint              100288e0 f   LIBCMTD:ismbbyte.obj
 0001:00027900       __ismbbkpunct_l            10028900 f   LIBCMTD:ismbbyte.obj
 0001:00027920       __ismbbkpunct              10028920 f   LIBCMTD:ismbbyte.obj
 0001:00027940       __ismbbalnum_l             10028940 f   LIBCMTD:ismbbyte.obj
 0001:00027960       __ismbbalnum               10028960 f   LIBCMTD:ismbbyte.obj
 0001:00027980       __ismbbalpha_l             10028980 f   LIBCMTD:ismbbyte.obj
 0001:000279a0       __ismbbalpha               100289a0 f   LIBCMTD:ismbbyte.obj
 0001:000279c0       __ismbbgraph_l             100289c0 f   LIBCMTD:ismbbyte.obj
 0001:000279e0       __ismbbgraph               100289e0 f   LIBCMTD:ismbbyte.obj
 0001:00027a00       __ismbbprint_l             10028a00 f   LIBCMTD:ismbbyte.obj
 0001:00027a20       __ismbbprint               10028a20 f   LIBCMTD:ismbbyte.obj
 0001:00027a40       __ismbbpunct_l             10028a40 f   LIBCMTD:ismbbyte.obj
 0001:00027a60       __ismbbpunct               10028a60 f   LIBCMTD:ismbbyte.obj
 0001:00027a80       __ismbblead_l              10028a80 f   LIBCMTD:ismbbyte.obj
 0001:00027aa0       __ismbblead                10028aa0 f   LIBCMTD:ismbbyte.obj
 0001:00027ac0       __ismbbtrail_l             10028ac0 f   LIBCMTD:ismbbyte.obj
 0001:00027ae0       __ismbbtrail               10028ae0 f   LIBCMTD:ismbbyte.obj
 0001:00027b00       __ismbbkana_l              10028b00 f   LIBCMTD:ismbbyte.obj
 0001:00027b70       __ismbbkana                10028b70 f   LIBCMTD:ismbbyte.obj
 0001:00027c60       __local_unwind4            10028c60 f   LIBCMTD:exsup4.obj
 0001:00027d36       __seh_longjmp_unwind4@4    10028d36 f   LIBCMTD:exsup4.obj
 0001:00027d52       @_EH4_CallFilterFunc@8     10028d52 f   LIBCMTD:exsup4.obj
 0001:00027d69       @_EH4_TransferToHandler@8  10028d69 f   LIBCMTD:exsup4.obj
 0001:00027d82       @_EH4_GlobalUnwind2@8      10028d82 f   LIBCMTD:exsup4.obj
 0001:00027d9b       @_EH4_LocalUnwind@16       10028d9b f   LIBCMTD:exsup4.obj
 0001:00027dc0       __wmakepath_s              10028dc0 f   LIBCMTD:wmakepath_s.obj
 0001:00028170       _wcscpy_s                  10029170 f   LIBCMTD:wcscpy_s.obj
 0001:00028450       __wsplitpath_s             10029450 f   LIBCMTD:wsplitpath_s.obj
 0001:00028a80       __CrtDbgBreak              10029a80 f   LIBCMTD:dbgrptt.obj
 0001:00028a90       __CrtSetReportMode         10029a90 f   LIBCMTD:dbgrptt.obj
 0001:00028bd0       __CrtSetReportFile         10029bd0 f   LIBCMTD:dbgrptt.obj
 0001:00028cd0       __CrtSetReportHook         10029cd0 f   LIBCMTD:dbgrptt.obj
 0001:00028cf0       __CrtGetReportHook         10029cf0 f   LIBCMTD:dbgrptt.obj
 0001:00028d00       __VCrtDbgReportA           10029d00 f   LIBCMTD:dbgrptt.obj
 0001:00029530       __VCrtDbgReportW           1002a530 f   LIBCMTD:dbgrptt.obj
 0001:00029e60       ___crtMessageBoxA          1002ae60 f   LIBCMTD:crtmbox.obj
 0001:0002a080       _memcpy_s                  1002b080 f   LIBCMTD:memcpy_s.obj
 0001:0002a210       ___crtMessageBoxW          1002b210 f   LIBCMTD:crtmboxw.obj
 0001:0002a430       __swprintf                 1002b430 f   LIBCMTD:swprintf.obj
 0001:0002a630       ___swprintf_l              1002b630 f   LIBCMTD:swprintf.obj
 0001:0002a660       _swprintf_s                1002b660 f   LIBCMTD:swprintf.obj
 0001:0002a690       __snwprintf_s              1002b690 f   LIBCMTD:swprintf.obj
 0001:0002a6c0       __swprintf_p               1002b6c0 f   LIBCMTD:swprintf.obj
 0001:0002a6f0       __swprintf_s_l             1002b6f0 f   LIBCMTD:swprintf.obj
 0001:0002a720       __snwprintf_s_l            1002b720 f   LIBCMTD:swprintf.obj
 0001:0002a750       __swprintf_p_l             1002b750 f   LIBCMTD:swprintf.obj
 0001:0002a780       __scwprintf                1002b780 f   LIBCMTD:swprintf.obj
 0001:0002a7a0       __scwprintf_p              1002b7a0 f   LIBCMTD:swprintf.obj
 0001:0002a7c0       __scwprintf_l              1002b7c0 f   LIBCMTD:swprintf.obj
 0001:0002a7f0       __scwprintf_p_l            1002b7f0 f   LIBCMTD:swprintf.obj
 0001:0002a820       _wcslen                    1002b820 f   LIBCMTD:wcslen.obj
 0001:0002a850       ___pwctype_func            1002b850 f   LIBCMTD:ctype.obj
 0001:0002a860       ___pctype_func             1002b860 f   LIBCMTD:ctype.obj
 0001:0002a8b0       _localeconv                1002b8b0 f   LIBCMTD:lconv.obj
 0001:0002a900       ___init_time               1002b900 f   LIBCMTD:inittime.obj
 0001:0002b630       ___free_lc_time            1002c630 f   LIBCMTD:inittime.obj
 0001:0002bca0       ___init_numeric            1002cca0 f   LIBCMTD:initnum.obj
 0001:0002c050       ___free_lconv_num          1002d050 f   LIBCMTD:initnum.obj
 0001:0002c100       ___init_monetary           1002d100 f   LIBCMTD:initmon.obj
 0001:0002c6f0       ___free_lconv_mon          1002d6f0 f   LIBCMTD:initmon.obj
 0001:0002c8a0       ___init_ctype              1002d8a0 f   LIBCMTD:initctyp.obj
 0001:0002ce50       ____mb_cur_max_func        1002de50 f   LIBCMTD:initctyp.obj
 0001:0002cea0       ____mb_cur_max_l_func      1002dea0 f   LIBCMTD:initctyp.obj
 0001:0002ced0       ____lc_codepage_func       1002ded0 f   LIBCMTD:initctyp.obj
 0001:0002cf20       ____lc_collate_cp_func     1002df20 f   LIBCMTD:initctyp.obj
 0001:0002cf70       ____lc_handle_func         1002df70 f   LIBCMTD:initctyp.obj
 0001:0002cfc0       ___init_collate            1002dfc0 f   LIBCMTD:initcoll.obj
 0001:0002cfd0       _strcmp                    1002dfd0 f   LIBCMTD:strcmp.obj
 0001:0002d060       _strncpy_s                 1002e060 f   LIBCMTD:strncpy_s.obj
 0001:0002d450       _strcspn                   1002e450 f   LIBCMTD:strcspn.obj
 0001:0002d4a0       _strncmp                   1002e4a0 f   LIBCMTD:strncmp.obj
 0001:0002d620       _strpbrk                   1002e620 f   LIBCMTD:strpbrk.obj
 0001:0002d660       _memcmp                    1002e660 f   LIBCMTD:memcmp.obj
 0001:0002e0d0       ___crtGetStringTypeA       1002f0d0 f   LIBCMTD:a_str.obj
 0001:0002e240       __MarkAllocaS              1002f240 f i LIBCMTD:a_str.obj
 0001:0002e270       __freea                    1002f270 f i LIBCMTD:a_str.obj
 0001:0002e2e0       _strcat_s                  1002f2e0 f   LIBCMTD:strcat_s.obj
 0001:0002e6c0       ___get_qualified_locale    1002f6c0 f   LIBCMTD:getqloc.obj
 0001:0002f520       __isleadbyte_l             10030520 f i LIBCMTD:_wctype.obj
 0001:0002f570       _isleadbyte                10030570 f i LIBCMTD:_wctype.obj
 0001:0002f590       __iswalpha_l               10030590 f i LIBCMTD:_wctype.obj
 0001:0002f5b0       _iswalpha                  100305b0 f i LIBCMTD:_wctype.obj
 0001:0002f5d0       __iswupper_l               100305d0 f i LIBCMTD:_wctype.obj
 0001:0002f5f0       _iswupper                  100305f0 f i LIBCMTD:_wctype.obj
 0001:0002f610       __iswlower_l               10030610 f i LIBCMTD:_wctype.obj
 0001:0002f630       _iswlower                  10030630 f i LIBCMTD:_wctype.obj
 0001:0002f650       __iswdigit_l               10030650 f i LIBCMTD:_wctype.obj
 0001:0002f670       _iswdigit                  10030670 f i LIBCMTD:_wctype.obj
 0001:0002f690       __iswxdigit_l              10030690 f i LIBCMTD:_wctype.obj
 0001:0002f6b0       _iswxdigit                 100306b0 f i LIBCMTD:_wctype.obj
 0001:0002f6d0       __iswspace_l               100306d0 f i LIBCMTD:_wctype.obj
 0001:0002f6f0       _iswspace                  100306f0 f i LIBCMTD:_wctype.obj
 0001:0002f710       __iswpunct_l               10030710 f i LIBCMTD:_wctype.obj
 0001:0002f730       _iswpunct                  10030730 f i LIBCMTD:_wctype.obj
 0001:0002f750       __iswalnum_l               10030750 f i LIBCMTD:_wctype.obj
 0001:0002f770       _iswalnum                  10030770 f i LIBCMTD:_wctype.obj
 0001:0002f790       __iswprint_l               10030790 f i LIBCMTD:_wctype.obj
 0001:0002f7b0       _iswprint                  100307b0 f i LIBCMTD:_wctype.obj
 0001:0002f7d0       __iswgraph_l               100307d0 f i LIBCMTD:_wctype.obj
 0001:0002f7f0       _iswgraph                  100307f0 f i LIBCMTD:_wctype.obj
 0001:0002f810       __iswcntrl_l               10030810 f i LIBCMTD:_wctype.obj
 0001:0002f830       _iswcntrl                  10030830 f i LIBCMTD:_wctype.obj
 0001:0002f850       _iswascii                  10030850 f i LIBCMTD:_wctype.obj
 0001:0002f870       __iswcsym_l                10030870 f i LIBCMTD:_wctype.obj
 0001:0002f8b0       ___iswcsym                 100308b0 f i LIBCMTD:_wctype.obj
 0001:0002f8f0       __iswcsymf_l               100308f0 f i LIBCMTD:_wctype.obj
 0001:0002f930       ___iswcsymf                10030930 f i LIBCMTD:_wctype.obj
 0001:0002f970       ___InternalCxxFrameHandler 10030970 f   LIBCMTD:frame.obj
 0001:0002ff70       ??0bad_exception@std@@QAE@PBD@Z 10030f70 f i LIBCMTD:frame.obj
 0001:0002ffa0       ??1bad_exception@std@@UAE@XZ 10030fa0 f i LIBCMTD:frame.obj
 0001:0002ffc0       ??_Gbad_exception@std@@UAEPAXI@Z 10030fc0 f i LIBCMTD:frame.obj
 0001:0002ffc0       ??_Ebad_exception@std@@UAEPAXI@Z 10030fc0 f i LIBCMTD:frame.obj
 0001:0002fff0       ??0bad_exception@std@@QAE@ABV01@@Z 10030ff0 f i LIBCMTD:frame.obj
 0001:000301b0       ___TypeMatch               100311b0 f   LIBCMTD:frame.obj
 0001:00030260       ___FrameUnwindFilter       10031260 f   LIBCMTD:frame.obj
 0001:000302e0       ___FrameUnwindToState      100312e0 f   LIBCMTD:frame.obj
 0001:00030820       ___BuildCatchObjectHelper  10031820 f   LIBCMTD:frame.obj
 0001:00030a90       ___BuildCatchObject        10031a90 f   LIBCMTD:frame.obj
 0001:00030ba0       ___DestructExceptionObject 10031ba0 f   LIBCMTD:frame.obj
 0001:00030c50       ___AdjustPointer           10031c50 f   LIBCMTD:frame.obj
 0001:00030ca0       ?__uncaught_exception@@YA_NXZ 10031ca0 f   LIBCMTD:frame.obj
 0001:00030cc0       ___CxxExceptionFilter      10031cc0 f   LIBCMTD:frame.obj
 0001:00030ec0       ___CxxRegisterExceptionObject 10031ec0 f   LIBCMTD:frame.obj
 0001:00030ff0       ___CxxDetectRethrow        10031ff0 f   LIBCMTD:frame.obj
 0001:00031080       ___CxxUnregisterExceptionObject 10032080 f   LIBCMTD:frame.obj
 0001:00031200       ___CxxQueryExceptionSize   10032200 f   LIBCMTD:frame.obj
 0001:00031210       ___CxxCallUnwindDtor       10032210 f   LIBCMTD:frame.obj
 0001:00031290       ___CxxCallUnwindDelDtor    10032290 f   LIBCMTD:frame.obj
 0001:00031310       ___CxxCallUnwindStdDelDtor 10032310 f   LIBCMTD:frame.obj
 0001:00031390       ___CxxCallUnwindVecDtor    10032390 f   LIBCMTD:frame.obj
 0001:000315c0       ?_is_exception_typeof@@YAHABVtype_info@@PAU_EXCEPTION_POINTERS@@@Z 100325c0 f   LIBCMTD:frame.obj
 0001:000316a0       __CallSettingFrame@12      100326a0 f   LIBCMTD:lowhelpr.obj
 0001:000316c7       __NLG_Return               100326c7     LIBCMTD:lowhelpr.obj
 0001:000316f0       ___crtLCMapStringA         100326f0 f   LIBCMTD:a_map.obj
 0001:00031a30       __statusfp2                10032a30 f   LIBCMTD:_ieee87_.obj
 0001:00031a70       __statusfp                 10032a70 f   LIBCMTD:_ieee87_.obj
 0001:00031ac0       __clearfp                  10032ac0 f   LIBCMTD:_ieee87_.obj
 0001:00031b10       ___control87_2             10032b10 f   LIBCMTD:_ieee87_.obj
 0001:00031bc0       __controlfp                10032bc0 f   LIBCMTD:_ieee87_.obj
 0001:00031be0       __control87                10032be0 f i LIBCMTD:_ieee87_.obj
 0001:00031c90       __set_controlfp            10032c90 f   LIBCMTD:_ieee87_.obj
 0001:00031d20       __fpreset                  10032d20 f   LIBCMTD:_ieee87_.obj
 0001:000324e0       __ld12tod                  100334e0 f   LIBCMTD:_intrncvt_.obj
 0001:00032500       __ld12cvt                  10033500 f i LIBCMTD:_intrncvt_.obj
 0001:00032760       __RoundMan                 10033760 f i LIBCMTD:_intrncvt_.obj
 0001:00032840       __ZeroTail                 10033840 f i LIBCMTD:_intrncvt_.obj
 0001:000328d0       __IncMan                   100338d0 f i LIBCMTD:_intrncvt_.obj
 0001:00032980       ___addl                    10033980 f i LIBCMTD:_intrncvt_.obj
 0001:000329c0       __CopyMan                  100339c0 f i LIBCMTD:_intrncvt_.obj
 0001:00032a10       __FillZeroMan              10033a10 f i LIBCMTD:_intrncvt_.obj
 0001:00032a50       __IsZeroMan                10033a50 f i LIBCMTD:_intrncvt_.obj
 0001:00032a90       __ShrMan                   10033a90 f i LIBCMTD:_intrncvt_.obj
 0001:00032b80       __ld12tof                  10033b80 f   LIBCMTD:_intrncvt_.obj
 0001:00032ba0       __ld12told                 10033ba0 f   LIBCMTD:_intrncvt_.obj
 0001:00032c70       ___strgtold12_l            10033c70 f   LIBCMTD:_strgtold_.obj
 0001:00033720       ___multtenpow12            10034720 f i LIBCMTD:_strgtold_.obj
 0001:00033800       ___ld12mul                 10034800 f i LIBCMTD:_strgtold_.obj
 0001:00033c00       ___shl_12                  10034c00 f i LIBCMTD:_strgtold_.obj
 0001:00033c70       ___shr_12                  10034c70 f i LIBCMTD:_strgtold_.obj
 0001:00033ce0       ___STRINGTOLD_L            10034ce0 f   LIBCMTD:_strgtold_.obj
 0001:00033d50       _$I10_OUTPUT               10034d50 f   LIBCMTD:_x10fout_.obj
 0001:00034300       ___add_12                  10035300 f i LIBCMTD:_x10fout_.obj
 0001:000343b0       __flsbuf                   100353b0 f   LIBCMTD:_flsbuf.obj
 0001:00034670       __output_l                 10035670 f   LIBCMTD:output.obj
 0001:00035ae0       _get_int_arg               10036ae0 f i LIBCMTD:output.obj
 0001:00035b00       _get_int64_arg             10036b00 f i LIBCMTD:output.obj
 0001:00035b20       _get_short_arg             10036b20 f i LIBCMTD:output.obj
 0001:00035b40       __vsprintf_l               10036b40 f   LIBCMTD:vsprintf.obj
 0001:00035ce0       _vsprintf                  10036ce0 f   LIBCMTD:vsprintf.obj
 0001:00035d00       __vscprintf_helper         10036d00 f   LIBCMTD:vsprintf.obj
 0001:00035de0       __vscprintf                10036de0 f   LIBCMTD:vsprintf.obj
 0001:00035e00       __vscprintf_l              10036e00 f   LIBCMTD:vsprintf.obj
 0001:00035e20       __vscprintf_p              10036e20 f   LIBCMTD:vsprintf.obj
 0001:00035e40       __vscprintf_p_l            10036e40 f   LIBCMTD:vsprintf.obj
 0001:00035e60       __vsnprintf_helper         10036e60 f   LIBCMTD:vsnprnc.obj
 0001:00036050       __vsnprintf_c              10037050 f   LIBCMTD:vsnprnc.obj
 0001:000360a0       __vsnprintf_c_l            100370a0 f   LIBCMTD:vsnprnc.obj
 0001:000360f0       __vsprintf_s_l             100370f0 f   LIBCMTD:vsnprnc.obj
 0001:00036360       _vsprintf_s                10037360 f   LIBCMTD:vsnprnc.obj
 0001:00036390       __vsnprintf_s_l            10037390 f   LIBCMTD:vsnprnc.obj
 0001:00036730       __vsnprintf_s              10037730 f   LIBCMTD:vsnprnc.obj
 0001:00036760       __vsprintf_p               10037760 f   LIBCMTD:vsnprnc.obj
 0001:000367b0       __vsprintf_p_l             100377b0 f   LIBCMTD:vsnprnc.obj
 0001:00036800       __set_error_mode           10037800 f   LIBCMTD:errmode.obj
 0001:000368c0       ___set_app_type            100378c0 f   LIBCMTD:errmode.obj
 0001:000368d0       _wcscat_s                  100378d0 f   LIBCMTD:wcscat_s.obj
 0001:00036cc0       _wcsncpy_s                 10037cc0 f   LIBCMTD:wcsncpy_s.obj
 0001:000370d0       _abort                     100380d0 f   LIBCMTD:abort.obj
 0001:00037130       __set_abort_behavior       10038130 f   LIBCMTD:abort.obj
 0001:00037160       ___crtGetLocaleInfoA       10038160 f   LIBCMTD:a_loc.obj
 0001:000372c0       __global_unwind2           100382c0 f   LIBCMTD:exsup.obj
 0001:00037325       __local_unwind2            10038325 f   LIBCMTD:exsup.obj
 0001:000373a9       __abnormal_termination     100383a9 f   LIBCMTD:exsup.obj
 0001:000373cc       __NLG_Notify1              100383cc f   LIBCMTD:exsup.obj
 0001:000373d5       __NLG_Notify               100383d5 f   LIBCMTD:exsup.obj
 0001:000373ec       __NLG_Dispatch2            100383ec     LIBCMTD:exsup.obj
 0001:000373ec       __NLG_Dispatch             100383ec     LIBCMTD:exsup.obj
 0001:000373f4       __NLG_Call                 100383f4 f   LIBCMTD:exsup.obj
 0001:000373f6       __NLG_Return2              100383f6     LIBCMTD:exsup.obj
 0001:00037400       __mbstowcs_l_helper        10038400 f   LIBCMTD:mbstowcs.obj
 0001:00037750       __mbstowcs_l               10038750 f   LIBCMTD:mbstowcs.obj
 0001:00037770       _mbstowcs                  10038770 f   LIBCMTD:mbstowcs.obj
 0001:000377c0       __mbstowcs_s_l             100387c0 f   LIBCMTD:mbstowcs.obj
 0001:00037b40       _mbstowcs_s                10038b40 f   LIBCMTD:mbstowcs.obj
 0001:00037b70       __itoa_s                   10038b70 f   LIBCMTD:xtoas.obj
 0001:00037f40       __ltoa_s                   10038f40 f   LIBCMTD:xtoas.obj
 0001:00037f80       __ultoa_s                  10038f80 f   LIBCMTD:xtoas.obj
 0001:00037fa0       __i64toa_s                 10038fa0 f   LIBCMTD:xtoas.obj
 0001:000383a0       __ui64toa_s                100393a0 f   LIBCMTD:xtoas.obj
 0001:000383c0       __wcstombs_l_helper        100393c0 f   LIBCMTD:wcstombs.obj
 0001:00038900       __wcstombs_l               10039900 f   LIBCMTD:wcstombs.obj
 0001:00038920       _wcstombs                  10039920 f   LIBCMTD:wcstombs.obj
 0001:00038940       __wcstombs_s_l             10039940 f   LIBCMTD:wcstombs.obj
 0001:00038c70       _wcstombs_s                10039c70 f   LIBCMTD:wcstombs.obj
 0001:00038ca0       __vswprintf_helper         10039ca0 f   LIBCMTD:vswprnc.obj
 0001:00038f00       __vswprintf_c              10039f00 f   LIBCMTD:vswprnc.obj
 0001:00038f50       __vswprintf_c_l            10039f50 f   LIBCMTD:vswprnc.obj
 0001:00038fa0       __vswprintf_s_l            10039fa0 f   LIBCMTD:vswprnc.obj
 0001:00039210       _vswprintf_s               1003a210 f   LIBCMTD:vswprnc.obj
 0001:00039240       __vsnwprintf_s_l           1003a240 f   LIBCMTD:vswprnc.obj
 0001:000395f0       __vsnwprintf_s             1003a5f0 f   LIBCMTD:vswprnc.obj
 0001:00039620       __vswprintf_p              1003a620 f   LIBCMTD:vswprnc.obj
 0001:00039670       __vswprintf_p_l            1003a670 f   LIBCMTD:vswprnc.obj
 0001:000396c0       __itow_s                   1003a6c0 f   LIBCMTD:xtows.obj
 0001:00039aa0       __ltow_s                   1003aaa0 f   LIBCMTD:xtows.obj
 0001:00039ae0       __ultow_s                  1003aae0 f   LIBCMTD:xtows.obj
 0001:00039b00       __i64tow_s                 1003ab00 f   LIBCMTD:xtows.obj
 0001:00039f20       __ui64tow_s                1003af20 f   LIBCMTD:xtows.obj
 0001:00039f50       __woutput_l                1003af50 f   LIBCMTD:woutput.obj
 0001:0003b150       __vswprintf_l              1003c150 f   LIBCMTD:vswprint.obj
 0001:0003b340       __vswprintf                1003c340 f   LIBCMTD:vswprint.obj
 0001:0003b360       ___vswprintf_l             1003c360 f   LIBCMTD:vswprint.obj
 0001:0003b380       __vscwprintf_helper        1003c380 f   LIBCMTD:vswprint.obj
 0001:0003b460       __vscwprintf               1003c460 f   LIBCMTD:vswprint.obj
 0001:0003b480       __vscwprintf_l             1003c480 f   LIBCMTD:vswprint.obj
 0001:0003b4a0       __vscwprintf_p             1003c4a0 f   LIBCMTD:vswprint.obj
 0001:0003b4c0       __vscwprintf_p_l           1003c4c0 f   LIBCMTD:vswprint.obj
 0001:0003b4e0       _malloc                    1003c4e0 f   LIBCMTD:dbgmalloc.obj
 0001:0003b510       _free                      1003c510 f   LIBCMTD:dbgfree.obj
 0001:0003b530       __stricmp_l                1003c530 f   LIBCMTD:stricmp.obj
 0001:0003b6e0       ___ascii_stricmp           1003c6e0 f   LIBCMTD:stricmp.obj
 0001:0003b760       __stricmp                  1003c760 f   LIBCMTD:stricmp.obj
 0001:0003b870       __strnicmp_l               1003c870 f   LIBCMTD:strnicmp.obj
 0001:0003bab0       __strnicmp                 1003cab0 f   LIBCMTD:strnicmp.obj
 0001:0003bc40       __iswctype_l               1003cc40 f   LIBCMTD:iswctype.obj
 0001:0003bc60       _iswctype                  1003cc60 f   LIBCMTD:iswctype.obj
 0001:0003bcc0       _is_wctype                 1003ccc0 f   LIBCMTD:iswctype.obj
 0001:0003bce0       ?_ValidateRead@@YAHPBXI@Z  1003cce0 f   LIBCMTD:validate.obj
 0001:0003bd10       ?_ValidateWrite@@YAHPAXI@Z 1003cd10 f   LIBCMTD:validate.obj
 0001:0003bd40       ?_ValidateExecute@@YAHP6GHXZ@Z 1003cd40 f   LIBCMTD:validate.obj
 0001:0003bd70       __CxxThrowException@8      1003cd70 f   LIBCMTD:throw.obj
 0001:0003bdd0       ?name@type_info@@QBEPBDPAU__type_info_node@@@Z 1003cdd0 f   LIBCMTD:typinfo.obj
 0001:0003bdf0       ??1type_info@@UAE@XZ       1003cdf0 f   LIBCMTD:typinfo.obj
 0001:0003be20       ??_Gtype_info@@UAEPAXI@Z   1003ce20 f i LIBCMTD:typinfo.obj
 0001:0003be20       ??_Etype_info@@UAEPAXI@Z   1003ce20 f i LIBCMTD:typinfo.obj
 0001:0003be50       ?_name_internal_method@type_info@@QBEPBDPAU__type_info_node@@@Z 1003ce50 f   LIBCMTD:typinfo.obj
 0001:0003be70       ?_type_info_dtor_internal_method@type_info@@QAEXXZ 1003ce70 f   LIBCMTD:typinfo.obj
 0001:0003be90       ??8type_info@@QBE_NABV0@@Z 1003ce90 f   LIBCMTD:typinfo.obj
 0001:0003bec0       ??9type_info@@QBE_NABV0@@Z 1003cec0 f   LIBCMTD:typinfo.obj
 0001:0003bef0       ?before@type_info@@QBEHABV1@@Z 1003cef0 f   LIBCMTD:typinfo.obj
 0001:0003bf20       ?raw_name@type_info@@QBEPBDXZ 1003cf20 f   LIBCMTD:typinfo.obj
 0001:0003bf40       ??0type_info@@AAE@ABV0@@Z  1003cf40 f   LIBCMTD:typinfo.obj
 0001:0003bf60       ??4type_info@@AAEAAV0@ABV0@@Z 1003cf60 f   LIBCMTD:typinfo.obj
 0001:0003bf80       ??0exception@std@@QAE@XZ   1003cf80 f   LIBCMTD:stdexcpt.obj
 0001:0003bfb0       ??_Eexception@std@@UAEPAXI@Z 1003cfb0 f i LIBCMTD:stdexcpt.obj
 0001:0003bfb0       ??_Gexception@std@@UAEPAXI@Z 1003cfb0 f i LIBCMTD:stdexcpt.obj
 0001:0003bfe0       ??0exception@std@@QAE@ABQBD@Z 1003cfe0 f   LIBCMTD:stdexcpt.obj
 0001:0003c020       ??0exception@std@@QAE@ABQBDH@Z 1003d020 f   LIBCMTD:stdexcpt.obj
 0001:0003c050       ??0exception@std@@QAE@ABV01@@Z 1003d050 f   LIBCMTD:stdexcpt.obj
 0001:0003c090       ??4exception@std@@QAEAAV01@ABV01@@Z 1003d090 f   LIBCMTD:stdexcpt.obj
 0001:0003c0e0       ??1exception@std@@UAE@XZ   1003d0e0 f   LIBCMTD:stdexcpt.obj
 0001:0003c100       ?what@exception@std@@UBEPBDXZ 1003d100 f   LIBCMTD:stdexcpt.obj
 0001:0003c130       ?_Copy_str@exception@std@@AAEXPBD@Z 1003d130 f   LIBCMTD:stdexcpt.obj
 0001:0003c1a0       ?_Tidy@exception@std@@AAEXXZ 1003d1a0 f   LIBCMTD:stdexcpt.obj
 0001:0003c1e0       ??0bad_cast@std@@QAE@PBD@Z 1003d1e0 f   LIBCMTD:stdexcpt.obj
 0001:0003c210       ??_Ebad_cast@std@@UAEPAXI@Z 1003d210 f i LIBCMTD:stdexcpt.obj
 0001:0003c210       ??_Gbad_cast@std@@UAEPAXI@Z 1003d210 f i LIBCMTD:stdexcpt.obj
 0001:0003c240       ??0bad_cast@std@@QAE@ABV01@@Z 1003d240 f   LIBCMTD:stdexcpt.obj
 0001:0003c270       ??1bad_cast@std@@UAE@XZ    1003d270 f   LIBCMTD:stdexcpt.obj
 0001:0003c290       ??0bad_typeid@std@@QAE@PBD@Z 1003d290 f   LIBCMTD:stdexcpt.obj
 0001:0003c2c0       ??_Gbad_typeid@std@@UAEPAXI@Z 1003d2c0 f i LIBCMTD:stdexcpt.obj
 0001:0003c2c0       ??_Ebad_typeid@std@@UAEPAXI@Z 1003d2c0 f i LIBCMTD:stdexcpt.obj
 0001:0003c2f0       ??0bad_typeid@std@@QAE@ABV01@@Z 1003d2f0 f   LIBCMTD:stdexcpt.obj
 0001:0003c320       ??1bad_typeid@std@@UAE@XZ  1003d320 f   LIBCMTD:stdexcpt.obj
 0001:0003c340       ??0__non_rtti_object@std@@QAE@PBD@Z 1003d340 f   LIBCMTD:stdexcpt.obj
 0001:0003c370       ??_G__non_rtti_object@std@@UAEPAXI@Z 1003d370 f i LIBCMTD:stdexcpt.obj
 0001:0003c370       ??_E__non_rtti_object@std@@UAEPAXI@Z 1003d370 f i LIBCMTD:stdexcpt.obj
 0001:0003c3a0       ??0__non_rtti_object@std@@QAE@ABV01@@Z 1003d3a0 f   LIBCMTD:stdexcpt.obj
 0001:0003c3d0       ??1__non_rtti_object@std@@UAE@XZ 1003d3d0 f   LIBCMTD:stdexcpt.obj
 0001:0003c3f0       ??3@YAXPAX@Z               1003d3f0 f   LIBCMTD:dbgdel.obj
 0001:0003c4e0       __statfp                   1003d4e0 f   LIBCMTD:_fpctrl_.obj
 0001:0003c500       __clrfp                    1003d500 f   LIBCMTD:_fpctrl_.obj
 0001:0003c520       __ctrlfp                   1003d520 f   LIBCMTD:_fpctrl_.obj
 0001:0003c550       __set_statfp               1003d550 f   LIBCMTD:_fpctrl_.obj
 0001:0003c5c0       ___get_fpsr_sse2           1003d5c0 f   LIBCMTD:_fpctrl_.obj
 0001:0003c5f0       ___set_fpsr_sse2           1003d5f0 f   LIBCMTD:_fpctrl_.obj
 0001:0003c6d0       ___fclrf_sse2              1003d6d0 f   LIBCMTD:_fpctrl_.obj
 0001:0003c6f0       ___statfp_sse2             1003d6f0 f   LIBCMTD:_fpctrl_.obj
 0001:0003c720       ___clrfp_sse2              1003d720 f   LIBCMTD:_fpctrl_.obj
 0001:0003c760       ___ctrlfp_sse2             1003d760 f   LIBCMTD:_fpctrl_.obj
 0001:0003c7c0       ___set_statfp_sse2         1003d7c0 f   LIBCMTD:_fpctrl_.obj
 0001:0003c7f0       ___mtold12                 1003d7f0 f   LIBCMTD:_mantold_.obj
 0001:0003c950       __lseeki64                 1003d950 f   LIBCMTD:lseeki64.obj
 0001:0003cba0       __lseeki64_nolock          1003dba0 f   LIBCMTD:lseeki64.obj
 0001:0003cc90       __write                    1003dc90 f   LIBCMTD:write.obj
 0001:0003ced0       __write_nolock             1003ded0 f   LIBCMTD:write.obj
 0001:0003da10       __getbuf                   1003ea10 f   LIBCMTD:_getbuf.obj
 0001:0003dae0       __isatty                   1003eae0 f   LIBCMTD:isatty.obj
 0001:0003dba0       ___iob_func                1003eba0 f   LIBCMTD:_file.obj
 0001:0003dbb0       ___initstdio               1003ebb0 f   LIBCMTD:_file.obj
 0001:0003dd00       ___endstdio                1003ed00 f   LIBCMTD:_file.obj
 0001:0003dd30       __lock_file                1003ed30 f   LIBCMTD:_file.obj
 0001:0003dd90       __lock_file2               1003ed90 f   LIBCMTD:_file.obj
 0001:0003ddd0       __unlock_file              1003edd0 f   LIBCMTD:_file.obj
 0001:0003de30       __unlock_file2             1003ee30 f   LIBCMTD:_file.obj
 0001:0003de70       __fileno                   1003ee70 f   LIBCMTD:fileno.obj
 0001:0003def0       _printf                    1003eef0 f   LIBCMTD:printf.obj
 0001:0003e030       __printf_l                 1003f030 f   LIBCMTD:printf.obj
 0001:0003e060       __printf_s_l               1003f060 f   LIBCMTD:printf.obj
 0001:0003e090       _printf_s                  1003f090 f   LIBCMTD:printf.obj
 0001:0003e0c0       __printf_p_l               1003f0c0 f   LIBCMTD:printf.obj
 0001:0003e0f0       __printf_p                 1003f0f0 f   LIBCMTD:printf.obj
 0001:0003e120       __set_printf_count_output  1003f120 f   LIBCMTD:printf.obj
 0001:0003e170       __get_printf_count_output  1003f170 f   LIBCMTD:printf.obj
 0001:0003e190       __wctomb_s_l               1003f190 f   LIBCMTD:wctomb.obj
 0001:0003e490       _wctomb_s                  1003f490 f   LIBCMTD:wctomb.obj
 0001:0003e4c0       __wctomb_l                 1003f4c0 f   LIBCMTD:wctomb.obj
 0001:0003e540       _wctomb                    1003f540 f   LIBCMTD:wctomb.obj
 0001:0003e590       __validate_param_reuseA    1003f590 f   LIBCMTD:outputp.obj
 0001:0003e800       __output_p_l               1003f800 f   LIBCMTD:outputp.obj
 0001:00042410       _get_crtdouble_arg         10043410 f i LIBCMTD:outputp.obj
 0001:00042430       __output_s_l               10043430 f   LIBCMTD:outputs.obj
 0001:00043a00       __woutput_s_l              10044a00 f   LIBCMTD:woutputs.obj
 0001:00044d50       __validate_param_reuseW    10045d50 f   LIBCMTD:woutputp.obj
 0001:00044fc0       __woutput_p_l              10045fc0 f   LIBCMTD:woutputp.obj
 0001:00048750       __mbtowc_l                 10049750 f   LIBCMTD:mbtowc.obj
 0001:00048970       _mbtowc                    10049970 f   LIBCMTD:mbtowc.obj
 0001:00048990       _fputwc                    10049990 f   LIBCMTD:fputwc.obj
 0001:00048a90       __fputwc_nolock            10049a90 f   LIBCMTD:fputwc.obj
 0001:00048d80       _putwc                     10049d80 f   LIBCMTD:fputwc.obj
 0001:00048da0       ___ascii_strnicmp          10049da0 f   LIBCMTD:_strnicm.obj
 0001:00048e10       ?_Type_info_dtor@type_info@@CAXPAV1@@Z 10049e10 f   LIBCMTD:typname.obj
 0001:00048f20       ?_Name_base@type_info@@CAPBDPBV1@PAU__type_info_node@@@Z 10049f20 f   LIBCMTD:typname.obj
 0001:000490d0       ?_Type_info_dtor_internal@type_info@@CAXPAV1@@Z 1004a0d0 f   LIBCMTD:typname.obj
 0001:000491e0       ___unDNameHelper           1004a1e0 f   LIBCMTD:typname.obj
 0001:00049220       ?_Name_base_internal@type_info@@CAPBDPBV1@PAU__type_info_node@@@Z 1004a220 f   LIBCMTD:typname.obj
 0001:000493e0       ___clean_type_info_names_internal 1004a3e0 f   LIBCMTD:typname.obj
 0001:000494a0       __alloc_osfhnd             1004a4a0 f   LIBCMTD:osfinfo.obj
 0001:00049750       __set_osfhnd               1004a750 f   LIBCMTD:osfinfo.obj
 0001:00049820       __free_osfhnd              1004a820 f   LIBCMTD:osfinfo.obj
 0001:00049910       __get_osfhandle            1004a910 f   LIBCMTD:osfinfo.obj
 0001:00049a80       __open_osfhandle           1004aa80 f   LIBCMTD:osfinfo.obj
 0001:00049cb0       ___lock_fhandle            1004acb0 f   LIBCMTD:osfinfo.obj
 0001:00049db0       __unlock_fhandle           1004adb0 f   LIBCMTD:osfinfo.obj
 0001:00049de0       __putwch                   1004ade0 f   LIBCMTD:putwch.obj
 0001:00049e70       __putwch_nolock            1004ae70 f   LIBCMTD:putwch.obj
 0001:00049ec0       __fcloseall                1004aec0 f   LIBCMTD:closeall.obj
 0001:0004a000       _fflush                    1004b000 f   LIBCMTD:fflush.obj
 0001:0004a0a0       __fflush_nolock            1004b0a0 f   LIBCMTD:fflush.obj
 0001:0004a100       __flush                    1004b100 f   LIBCMTD:fflush.obj
 0001:0004a1c0       __flushall                 1004b1c0 f   LIBCMTD:fflush.obj
 0001:0004a390       __stbuf                    1004b390 f   LIBCMTD:_sftbuf.obj
 0001:0004a4f0       __ftbuf                    1004b4f0 f   LIBCMTD:_sftbuf.obj
 0001:0004a580       _vprintf_helper            1004b580 f   LIBCMTD:vprintf.obj
 0001:0004a6a0       __vprintf_l                1004b6a0 f   LIBCMTD:vprintf.obj
 0001:0004a6c0       __vprintf_s_l              1004b6c0 f   LIBCMTD:vprintf.obj
 0001:0004a6e0       __vprintf_p_l              1004b6e0 f   LIBCMTD:vprintf.obj
 0001:0004a700       _vprintf                   1004b700 f   LIBCMTD:vprintf.obj
 0001:0004a720       _vprintf_s                 1004b720 f   LIBCMTD:vprintf.obj
 0001:0004a740       __vprintf_p                1004b740 f   LIBCMTD:vprintf.obj
 0001:0004a760       _wcstol                    1004b760 f   LIBCMTD:wcstol.obj
 0001:0004ab30       __wcstol_l                 1004bb30 f   LIBCMTD:wcstol.obj
 0001:0004ab50       _wcstoul                   1004bb50 f   LIBCMTD:wcstol.obj
 0001:0004ab70       __wcstoul_l                1004bb70 f   LIBCMTD:wcstol.obj
 0001:0004ab90       __flswbuf                  1004bb90 f   LIBCMTD:_flswbuf.obj
 0001:0004ae70       ___unDName                 1004be70 f   LIBCMTD:undname.obj
 0001:0004af50       ?Constructor@_HeapManager@@QAEXP6APAXI@ZP6AXPAX@Z@Z 1004bf50 f i LIBCMTD:undname.obj
 0001:0004af90       ?Destructor@_HeapManager@@QAEXXZ 1004bf90 f i LIBCMTD:undname.obj
 0001:0004b000       ___unDNameEx               1004c000 f   LIBCMTD:undname.obj
 0001:0004b0e0       ??0UnDecorator@@QAE@PADPBDHP6APADJ@ZK@Z 1004c0e0 f i LIBCMTD:undname.obj
 0001:0004b180       ??BUnDecorator@@QAEPADXZ   1004c180 f i LIBCMTD:undname.obj
 0001:0004b3b0       ?dbGetString@DName@@QBEPADXZ 1004c3b0 f   LIBCMTD:undname.obj
 0001:0004b3e0       ?getDecoratedName@UnDecorator@@CA?AVDName@@XZ 1004c3e0 f   LIBCMTD:undname.obj
 0001:0004b6f0       ?getSymbolName@UnDecorator@@CA?AVDName@@XZ 1004c6f0 f i LIBCMTD:undname.obj
 0001:0004b770       ?getZName@UnDecorator@@CA?AVDName@@_N0@Z 1004c770 f   LIBCMTD:undname.obj
 0001:0004ba10       ?getOperatorName@UnDecorator@@CA?AVDName@@_NPA_N@Z 1004ca10 f i LIBCMTD:undname.obj
 0001:0004c380       ?getStringEncoding@UnDecorator@@CA?AVDName@@PADH@Z 1004d380 f   LIBCMTD:undname.obj
 0001:0004c480       ?getScope@UnDecorator@@CA?AVDName@@XZ 1004d480 f   LIBCMTD:undname.obj
 0001:0004c860       ?getSignedDimension@UnDecorator@@CA?AVDName@@XZ 1004d860 f   LIBCMTD:undname.obj
 0001:0004c8e0       ?getDimension@UnDecorator@@CA?AVDName@@_N@Z 1004d8e0 f   LIBCMTD:undname.obj
 0001:0004cb90       ?getNumberOfDimensions@UnDecorator@@CAHXZ 1004db90 f   LIBCMTD:undname.obj
 0001:0004cc90       ?getTemplateName@UnDecorator@@CA?AVDName@@_N@Z 1004dc90 f   LIBCMTD:undname.obj
 0001:0004ce50       ?getTemplateArgumentList@UnDecorator@@CA?AVDName@@XZ 1004de50 f   LIBCMTD:undname.obj
 0001:0004d0d0       ?getTemplateConstant@UnDecorator@@CA?AVDName@@XZ 1004e0d0 f   LIBCMTD:undname.obj
 0001:0004d560       ?composeDeclaration@UnDecorator@@CA?AVDName@@ABV2@@Z 1004e560 f i LIBCMTD:undname.obj
 0001:0004eb60       ?getTypeEncoding@UnDecorator@@CAHXZ 1004fb60 f i LIBCMTD:undname.obj
 0001:0004f5a0       ?getBasedType@UnDecorator@@CA?AVDName@@XZ 100505a0 f   LIBCMTD:undname.obj
 0001:0004f660       ?getScopedName@UnDecorator@@CA?AVDName@@XZ 10050660 f   LIBCMTD:undname.obj
[...]
 0003:00000af8       ___lconv_static_decimal    10066af8     LIBCMTD:lconv.obj
 0003:00000afc       ___lconv_static_W_decimal  10066afc     LIBCMTD:lconv.obj
 0003:00000b00       ___lconv_c                 10066b00     LIBCMTD:lconv.obj
 0003:00000b50       ___lconv                   10066b50     LIBCMTD:lconv.obj
 0003:00000b60       ___mb_cur_max              10066b60     LIBCMTD:nlsdata1.obj
 0003:00000b64       ___decimal_point           10066b64     LIBCMTD:nlsdata1.obj
 0003:00000b68       ___decimal_point_length    10066b68     LIBCMTD:nlsdata1.obj
 0003:00000b70       ??_R0?AVbad_exception@std@@@8 10066b70     LIBCMTD:frame.obj
 0003:00000b90       ??_R0?AVexception@std@@@8  10066b90     LIBCMTD:frame.obj
 0003:00000be0       ___nullstring              10066be0     LIBCMTD:output.obj
 0003:00000be4       ___wnullstring             10066be4     LIBCMTD:output.obj
 0003:00000be8       ___abort_behavior          10066be8     LIBCMTD:abort.obj
 0003:00000bf0       __NLG_Destination          10066bf0     LIBCMTD:exsup.obj
 0003:00000c00       ??_R0?AVtype_info@@@8      10066c00     LIBCMTD:typinfo.obj
 0003:00000c18       ??_R0?AVbad_cast@std@@@8   10066c18     LIBCMTD:stdexcpt.obj
 0003:00000c34       ??_R0?AVbad_typeid@std@@@8 10066c34     LIBCMTD:stdexcpt.obj
 0003:00000c54       ??_R0?AV__non_rtti_object@std@@@8 10066c54     LIBCMTD:stdexcpt.obj
 0003:00000c98       __pow10pos                 10066c98     LIBCMTD:_constpow_.obj
 0003:00000df8       __pow10neg                 10066df8     LIBCMTD:_constpow_.obj
 0003:00000f58       __iob                      10066f58     LIBCMTD:_file.obj
 0003:000011e0       __confh                    100671e0     LIBCMTD:initcon.obj
 0003:00001200       _cntError                  10067200     Common.obj
 0003:00001204       ?ghThisModule@@3PAUHINSTANCE__@@A 10067204     TmApp.obj
 0003:0000120c       ___fastflag                1006720c     LIBCMTD:_fpinit_.obj
 0003:00001214       __aenvptr                  10067214     LIBCMTD:dllcrt0.obj
 0003:00001218       __wenvptr                  10067218     LIBCMTD:dllcrt0.obj
 0003:0000121c       ___error_mode              1006721c     LIBCMTD:dllcrt0.obj
 0003:00001220       ___app_type                10067220     LIBCMTD:dllcrt0.obj
 0003:00001224       ?wsprintffp@@3P6AHPADPBDZZA 10067224     LIBCMTD:_error_.obj
 0003:00001554       _gpFlsAlloc                10067554     LIBCMTD:tidtable.obj
 0003:00001558       _gpFlsGetValue             10067558     LIBCMTD:tidtable.obj
 0003:0000155c       _gpFlsSetValue             1006755c     LIBCMTD:tidtable.obj
 0003:00001560       _gpFlsFree                 10067560     LIBCMTD:tidtable.obj
 0003:00001578       ?_pfnDumpClient@@3P6AXPAXI@ZA 10067578     LIBCMTD:dbgheap.obj
 0003:00001580       ___crtDebugCheckCount      10067580     LIBCMTD:dbgheap.obj
 0003:00001588       __umaskval                 10067588     LIBCMTD:crt0dat.obj
 0003:0000158c       ___argc                    1006758c     LIBCMTD:crt0dat.obj
 0003:00001590       ___argv                    10067590     LIBCMTD:crt0dat.obj
 0003:00001594       ___wargv                   10067594     LIBCMTD:crt0dat.obj
 0003:00001598       __environ                  10067598     LIBCMTD:crt0dat.obj
 0003:0000159c       ___initenv                 1006759c     LIBCMTD:crt0dat.obj
 0003:000015a0       __wenviron                 100675a0     LIBCMTD:crt0dat.obj
 0003:000015a4       ___winitenv                100675a4     LIBCMTD:crt0dat.obj
 0003:000015a8       __pgmptr                   100675a8     LIBCMTD:crt0dat.obj
 0003:000015ac       __wpgmptr                  100675ac     LIBCMTD:crt0dat.obj
 0003:000015b0       __exitflag                 100675b0     LIBCMTD:crt0dat.obj
 0003:000015b4       __C_Termination_Done       100675b4     LIBCMTD:crt0dat.obj
 0003:000015b8       __C_Exit_Done              100675b8     LIBCMTD:crt0dat.obj
 0003:000016c8       __crtheap                  100676c8     LIBCMTD:heapinit.obj
 0003:000016d4       ___locale_changed          100676d4     LIBCMTD:setlocal.obj
 0003:000016d8       ___pInvalidArgHandler      100676d8     LIBCMTD:invarg.obj
 0003:000016e0       ___mbulinfo                100676e0     LIBCMTD:mbctype.obj
 0003:000016ec       ___mbcodepage              100676ec     LIBCMTD:mbctype.obj
 0003:000016f0       ___ismbcodepage            100676f0     LIBCMTD:mbctype.obj
 0003:000016f4       ___mblcid                  100676f4     LIBCMTD:mbctype.obj
 0003:000016f8       __outputformat             100676f8     LIBCMTD:outputformat.obj
 0003:00001868       __newmode                  10067868     LIBCMTD:_newmode.obj
 0003:0000186c       ?_pnhHeap@@3P6AHI@ZA       1006786c     LIBCMTD:handler.obj
 0003:00001e98       ?__pInconsistency@@3P6AXXZA 10067e98     LIBCMTD:hooks.obj
 0003:00001eb4       ___pPurecall               10067eb4     LIBCMTD:inithelp.obj
 0003:00001ee0       ___lconv_static_null       10067ee0     LIBCMTD:lconv.obj
 0003:00001ee4       ___lconv_static_W_null     10067ee4     LIBCMTD:lconv.obj
 0003:00001ee8       __cflush                   10067ee8     LIBCMTD:_file.obj
 0003:00001ef8       __stdbuf                   10067ef8     LIBCMTD:_sftbuf.obj
 0003:00001f14       ?pArgList@UnDecorator@@0PAVReplicator@@A 10067f14     LIBCMTD:undname.obj
 0003:00001f18       ?pZNameList@UnDecorator@@0PAVReplicator@@A 10067f18     LIBCMTD:undname.obj
 0003:00001f1c       ?pTemplateArgList@UnDecorator@@0PAVReplicator@@A 10067f1c     LIBCMTD:undname.obj
 0003:00001f20       ?gName@UnDecorator@@0PBDB  10067f20     LIBCMTD:undname.obj
 0003:00001f24       ?name@UnDecorator@@0PBDB   10067f24     LIBCMTD:undname.obj
 0003:00001f28       ?outputString@UnDecorator@@0PADA 10067f28     LIBCMTD:undname.obj
 0003:00001f2c       ?maxStringLength@UnDecorator@@0HA 10067f2c     LIBCMTD:undname.obj
 0003:00001f30       ?disableFlags@UnDecorator@@0KA 10067f30     LIBCMTD:undname.obj
 0003:00001f34       ?m_pGetParameter@UnDecorator@@0P6APADJ@ZA 10067f34     LIBCMTD:undname.obj
 0003:00001f38       ?fExplicitTemplateParams@UnDecorator@@0_NA 10067f38     LIBCMTD:undname.obj
 0003:00001f39       ?fGetTemplateArgumentList@UnDecorator@@0_NA 10067f39     LIBCMTD:undname.obj
 0003:00001f90       ?nodes@?1??make@DNameStatusNode@@SAPAV2@W4DNameStatus@@@Z@4PAV2@A 10067f90     LIBCMTD:undname.obj
 0003:00001fc0       ??_B?1??make@DNameStatusNode@@SAPAV1@W4DNameStatus@@@Z@51 10067fc0     LIBCMTD:undname.obj
 0003:00001fe0       _g_HostAddr                10067fe0     <common>
 0003:00002044       _g_Lang                    10068044     <common>
 0003:00002048       _g_PortNo                  10068048     <common>
 0003:0000204c       _ret                       1006804c     <common>
 0003:00002060       _msg                       10068060     <common>
 0003:000020e0       _keyCode                   100680e0     <common>
 0003:000020e4       _loc                       100680e4     <common>
 0003:00002100       _rcv                       10068100     <common>
 0003:00007100       _msg2                      1006d100     <common>
 0003:00007180       _send                      1006d180     <common>
 0003:0000c180       _buf                       10072180     <common>
 0003:0000c380       _userId                    10072380     <common>
 0003:0000c38c       ___piob                    1007238c     <common>
 0003:0000c3a0       __bufin                    100723a0     <common>
 0003:0000d3a0       __nstream                  100733a0     <common>
 0003:0000d3a4       __pfnReportHook            100733a4     <common>
 0003:0000d3a8       __pReportHookListW         100733a8     <common>
 0003:0000d3ac       __pReportHookList          100733ac     <common>
 0003:0000d3b0       ___setlc_active            100733b0     <common>
 0003:0000d3b4       ___unguarded_readlc_active 100733b4     <common>
 0003:0000d3b8       __debugger_hook_dummy      100733b8     <common>
 0003:0000d3bc       __nhandle                  100733bc     <common>
 0003:0000d3c0       ___pioinfo                 100733c0     <common>
 0003:0000d4c0       ___env_initialized         100734c0     <common>
 0003:0000d4c4       ___onexitend               100734c4     <common>
 0003:0000d4c8       ___onexitbegin             100734c8     <common>
 0003:0000d4cc       ___mbctype_initialized     100734cc     <common>
 0003:0000d4d0       ___dyn_tls_init_callback   100734d0     <common>
 0003:0000d4d4       ___sse2_available          100734d4     <common>
 0003:0000d4d8       __acmdln                   100734d8     <common>

 entry point at        0001:000159f0

 Static symbols

 0001:00015a20       ___DllMainCRTStartup       10016a20 f   LIBCMTD:dllcrt0.obj
 0001:00015c40       ?failwithmessage@@YAXPAXHHPBD@Z 10016c40 f   LIBCMTD:_error_.obj
 0001:00015e60       ?DebuggerProbe@@YAHK@Z     10016e60 f   LIBCMTD:_error_.obj
 0001:00015ef0       ?DebuggerRuntime@@YAHKHPAXPB_W@Z 10016ef0 f   LIBCMTD:_error_.obj
 0001:000161d0       ?_getMemBlockDataString@@YAXPAD00I@Z 100171d0 f   LIBCMTD:_error_.obj
 0001:000165b0       ?strtoxl@@YAKPAUlocaleinfo_struct@@PBDPAPBDHH@Z 100175b0 f   LIBCMTD:strtol.obj
 0001:00016cb0       ?strtoxq@@YA_KPAUlocaleinfo_struct@@PBDPAPBDHH@Z 10017cb0 f   LIBCMTD:strtoq.obj
 0001:00017960       __cftoe2_l                 10018960 f   LIBCMTD:cvt.obj
 0001:00018700       __cftof2_l                 10019700 f   LIBCMTD:cvt.obj
 0001:00018ce0       __shift                    10019ce0 f   LIBCMTD:cvt.obj
 0001:000195f0       __nh_malloc_dbg_impl       1001a5f0 f   LIBCMTD:dbgheap.obj
 0001:00019690       __heap_alloc_dbg_impl      1001a690 f   LIBCMTD:dbgheap.obj
 0001:00019c60       _realloc_help              1001ac60 f   LIBCMTD:dbgheap.obj
 0001:0001ad20       _CheckBytes                1001bd20 f   LIBCMTD:dbgheap.obj
 0001:0001bae0       ?_CrtMemDumpAllObjectsSince_stat@@YAXPBU_CrtMemState@@PAUlocaleinfo_struct@@@Z 1001cae0 f   LIBCMTD:dbgheap.obj
 0001:0001bdf0       __printMemBlockData        1001cdf0 f   LIBCMTD:dbgheap.obj
 0001:0001cd50       _doexit                    1001dd50 f   LIBCMTD:crt0dat.obj
 0001:0001d040       __initterm                 1001e040 f   LIBCMTD:crt0dat.obj
 0001:0001da10       _parse_cmdline             1001ea10 f   LIBCMTD:stdargv.obj
 0001:0001e130       _ValidateLocalCookies      1001f130 f   LIBCMTD:chandler4.obj
 0001:0001e4a0       _xcptlookup                1001f4a0 f   LIBCMTD:winxfltr.obj
 0001:0001e7c0       ?GetPdbDll@@YAPAUHINSTANCE__@@XZ 1001f7c0 f   LIBCMTD:_pdblkup_.obj
 0001:0001e8b0       ?GetPdbDllFromInstallPath@@YAPAUHINSTANCE__@@XZ 1001f8b0 f   LIBCMTD:_pdblkup_.obj
 0001:0001ea70       ?GetPdbDllPathFromFilePath@@YAHPB_WPA_WI@Z 1001fa70 f   LIBCMTD:_pdblkup_.obj
 0001:00020010       __copytlocinfo_nolock      10021010 f   LIBCMTD:setlocal.obj
 0001:00020410       _sync_legacy_variables_lk  10021410 f   LIBCMTD:setlocal.obj
 0001:00020450       __setlocale_nolock         10021450 f   LIBCMTD:setlocal.obj
 0001:00020840       __setlocale_set_cat        10021840 f   LIBCMTD:setlocal.obj
 0001:00020d70       __setlocale_get_all        10021d70 f   LIBCMTD:setlocal.obj
 0001:00021ff0       ?CatchGuardHandler@@YA?AW4_EXCEPTION_DISPOSITION@@PAUEHExceptionRecord@@PAUCatchGuardRN@@PAX2@Z 10022ff0 f   LIBCMTD:_trnsctrl_.obj
 0001:00022130       ?TranslatorGuardHandler@@YA?AW4_EXCEPTION_DISPOSITION@@PAUEHExceptionRecord@@PAUTranslatorGuardRN@@PAX2@Z 10023130 f   LIBCMTD:_trnsctrl_.obj
 0001:000226d0       ?getSystemCP@@YAHH@Z       100236d0 f   LIBCMTD:mbctype.obj
 0001:00022b30       ?CPtoLCID@@YAHH@Z          10023b30 f   LIBCMTD:mbctype.obj
 0001:00022bb0       ?setSBCS@@YAXPAUthreadmbcinfostruct@@@Z 10023bb0 f   LIBCMTD:mbctype.obj
 0001:00022c90       ?setSBUpLow@@YAXPAUthreadmbcinfostruct@@@Z 10023c90 f   LIBCMTD:mbctype.obj
 0001:00025be0       __is_LFH_enabled           10026be0 f   LIBCMTD:expand.obj
 0001:000261d0       __onexit_nolock            100271d0 f   LIBCMTD:onexit.obj
 0001:00026ec0       _ctrlevent_capture@4       10027ec0 f   LIBCMTD:winsig.obj
 0001:000272c0       _siglookup                 100282c0 f   LIBCMTD:winsig.obj
 0001:00027b90       ?x_ismbbtype_l@@YAHPAUlocaleinfo_struct@@IHH@Z 10028b90 f   LIBCMTD:ismbbyte.obj
 0001:00027cf0       __unwind_handler4          10028cf0 f   LIBCMTD:exsup4.obj
 0001:0002a9f0       __get_lc_time              1002b9f0 f   LIBCMTD:inittime.obj
 0001:0002bfd0       _fix_grouping              1002cfd0 f   LIBCMTD:initnum.obj
 0001:0002c670       _fix_grouping              1002d670 f   LIBCMTD:initmon.obj
 0001:0002d820       _cmpBYTE                   1002e820 f   LIBCMTD:memcmp.obj
 0001:0002d850       _cmpResult                 1002e850 f   LIBCMTD:memcmp.obj
 0001:0002d870       _unaligned_memcmp          1002e870 f   LIBCMTD:memcmp.obj
 0001:0002df80       _cmpWORD                   1002ef80 f   LIBCMTD:memcmp.obj
 0001:0002e000       _cmpDWORD                  1002f000 f   LIBCMTD:memcmp.obj
 0001:0002e130       ?__crtGetStringTypeA_stat@@YAHPAUlocaleinfo_struct@@KPBDHPAGHHH@Z 1002f130 f   LIBCMTD:a_str.obj
 0001:0002e970       _TranslateName             1002f970 f   LIBCMTD:getqloc.obj
 0001:0002ea00       _GetLcidFromLangCountry    1002fa00 f   LIBCMTD:getqloc.obj
 0001:0002eac0       _LangCountryEnumProc@4     1002fac0 f   LIBCMTD:getqloc.obj
 0001:0002ef00       _GetLcidFromLanguage       1002ff00 f   LIBCMTD:getqloc.obj
 0001:0002ef80       _LanguageEnumProc@4        1002ff80 f   LIBCMTD:getqloc.obj
 0001:0002f120       _GetLcidFromCountry        10030120 f   LIBCMTD:getqloc.obj
 0001:0002f170       _CountryEnumProc@4         10030170 f   LIBCMTD:getqloc.obj
 0001:0002f270       _GetLcidFromDefault        10030270 f   LIBCMTD:getqloc.obj
 0001:0002f2b0       _ProcessCodePage           100302b0 f   LIBCMTD:getqloc.obj
 0001:0002f360       _TestDefaultCountry        10030360 f   LIBCMTD:getqloc.obj
 0001:0002f3b0       _TestDefaultLanguage       100303b0 f   LIBCMTD:getqloc.obj
 0001:0002f430       _LcidFromHexString         10030430 f   LIBCMTD:getqloc.obj
 0001:0002f4b0       _GetPrimaryLen             100304b0 f   LIBCMTD:getqloc.obj
 0001:0002fad0       ?FindHandler@@YAXPAUEHExceptionRecord@@PAUEHRegistrationNode@@PAU_CONTEXT@@PAXPBU_s_FuncInfo@@EH1@Z 10030ad0 f   LIBCMTD:frame.obj
 0001:00030020       ?FindHandlerForForeignException@@YAXPAUEHExceptionRecord@@PAUEHRegistrationNode@@PAU_CONTEXT@@PAXPBU_s_FuncInfo@@HH1@Z 10031020 f   LIBCMTD:frame.obj
 0001:00030460       ?CatchIt@@YAXPAUEHExceptionRecord@@PAUEHRegistrationNode@@PAU_CONTEXT@@PAXPBU_s_FuncInfo@@PBU_s_HandlerType@@PBU_s_CatchableType@@PBU_s_TryBlockMapEntry@@H1E@Z 10031460 f   LIBCMTD:frame.obj
 0001:00030520       ?CallCatchBlock@@YAPAXPAUEHExceptionRecord@@PAUEHRegistrationNode@@PAU_CONTEXT@@PBU_s_FuncInfo@@PAXHK@Z 10031520 f   LIBCMTD:frame.obj
 0001:000307b0       ?ExFilterRethrow@@YAHPAU_EXCEPTION_POINTERS@@@Z 100317b0 f   LIBCMTD:frame.obj
 0001:00031420       ?IsInExceptionSpec@@YAEPAUEHExceptionRecord@@PBU_s_ESTypeList@@@Z 10032420 f   LIBCMTD:frame.obj
 0001:000314e0       ?CallUnexpected@@YAXPBU_s_ESTypeList@@@Z 100324e0 f   LIBCMTD:frame.obj
 0001:0003152e       __catch$?CallUnexpected@@YAXPBU_s_ESTypeList@@@Z$0 1003252e f   LIBCMTD:frame.obj
 0001:00031570       ?Is_bad_exception_allowed@@YAEPBU_s_ESTypeList@@@Z 10032570 f   LIBCMTD:frame.obj
 0001:00031750       ?__crtLCMapStringA_stat@@YAHPAUlocaleinfo_struct@@KKPBDHPADHHH@Z 10032750 f   LIBCMTD:a_map.obj
 0001:000319e0       ?strncnt@@YAHPBDH@Z        100329e0 f   LIBCMTD:a_map.obj
 0001:00031d80       __abstract_cw              10032d80 f   LIBCMTD:_ieee87_.obj
 0001:00031ed0       __hw_cw                    10032ed0 f   LIBCMTD:_ieee87_.obj
 0001:00032030       __abstract_sw              10033030 f   LIBCMTD:_ieee87_.obj
 0001:000320c0       ___statusfp_sse2           100330c0 f   LIBCMTD:_ieee87_.obj
 0001:000320e0       ___clearfp_sse2            100330e0 f   LIBCMTD:_ieee87_.obj
 0001:00032110       ___control87_sse2          10033110 f   LIBCMTD:_ieee87_.obj
 0001:00032190       ___abstract_cw_sse2        10033190 f   LIBCMTD:_ieee87_.obj
 0001:000322e0       ___hw_cw_sse2              100332e0 f   LIBCMTD:_ieee87_.obj
 0001:00032430       ___abstract_sw_sse2        10033430 f   LIBCMTD:_ieee87_.obj
 0001:000324c0       ___fpreset_sse2            100334c0 f   LIBCMTD:_ieee87_.obj
 0001:00035940       _write_char                10036940 f   LIBCMTD:output.obj
 0001:000359f0       _write_multi_char          100369f0 f   LIBCMTD:output.obj
 0001:00035a30       _write_string              10036a30 f   LIBCMTD:output.obj
 0001:000371b0       ?__crtGetLocaleInfoA_stat@@YAHPAUlocaleinfo_struct@@KKPADH@Z 100381b0 f   LIBCMTD:a_loc.obj
 0001:000372e0       __unwind_handler           100382e0 f   LIBCMTD:exsup.obj
 0001:00037bd0       _xtoa_s@20                 10038bd0 f   LIBCMTD:xtoas.obj
 0001:00037ff0       @x64toa_s@24               10038ff0 f   LIBCMTD:xtoas.obj
 0001:000388a0       ?wcsncnt@@YAIPB_WI@Z       100398a0 f   LIBCMTD:wcstombs.obj
 0001:00039720       _xtow_s@20                 1003a720 f   LIBCMTD:xtows.obj
 0001:00039b50       @x64tow_s@24               1003ab50 f   LIBCMTD:xtows.obj
 0001:0003b000       _write_char                1003c000 f   LIBCMTD:woutput.obj
 0001:0003b060       _write_multi_char          1003c060 f   LIBCMTD:woutput.obj
 0001:0003b0a0       _write_string              1003c0a0 f   LIBCMTD:woutput.obj
 0001:00042270       _write_char                10043270 f   LIBCMTD:outputp.obj
 0001:00042320       _write_multi_char          10043320 f   LIBCMTD:outputp.obj
 0001:00042360       _write_string              10043360 f   LIBCMTD:outputp.obj
 0001:00043860       _write_char                10044860 f   LIBCMTD:outputs.obj
 0001:00043910       _write_multi_char          10044910 f   LIBCMTD:outputs.obj
 0001:00043950       _write_string              10044950 f   LIBCMTD:outputs.obj
 0001:00044c00       _write_char                10045c00 f   LIBCMTD:woutputs.obj
 0001:00044c60       _write_multi_char          10045c60 f   LIBCMTD:woutputs.obj
 0001:00044ca0       _write_string              10045ca0 f   LIBCMTD:woutputs.obj
 0001:00048600       _write_char                10049600 f   LIBCMTD:woutputp.obj
 0001:00048660       _write_multi_char          10049660 f   LIBCMTD:woutputp.obj
 0001:000486a0       _write_string              100496a0 f   LIBCMTD:woutputp.obj
 0001:0004a1e0       _flsall                    1004b1e0 f   LIBCMTD:fflush.obj
 0001:0004a780       ?wcstoxl@@YAKPB_WPAPB_WHH@Z 1004b780 f   LIBCMTD:wcstol.obj
 0001:000545d0       ?und_strlen@@YAIPBD@Z      100555d0 f   LIBCMTD:undname.obj
 0001:00054610       ?und_memcpy@@YAXPADPBDI@Z  10055610 f   LIBCMTD:undname.obj
 0001:00054650       ?und_strncmp@@YAIPBD0I@Z   10055650 f   LIBCMTD:undname.obj
 0001:00055460       __unwindfunclet$?strtoxl@@YAKPAUlocaleinfo_struct@@PBDPAPBDHH@Z$0 10056460 f   LIBCMTD:strtol.obj
 0001:00055468       __ehhandler$?strtoxl@@YAKPAUlocaleinfo_struct@@PBDPAPBDHH@Z 10056468 f   LIBCMTD:strtol.obj
 0001:00055490       __unwindfunclet$?strtoxq@@YA_KPAUlocaleinfo_struct@@PBDPAPBDHH@Z$0 10056490 f   LIBCMTD:strtoq.obj
 0001:00055498       __ehhandler$?strtoxq@@YA_KPAUlocaleinfo_struct@@PBDPAPBDHH@Z 10056498 f   LIBCMTD:strtoq.obj
 0001:000554c0       __unwindfunclet$?getSystemCP@@YAHH@Z$0 100564c0 f   LIBCMTD:mbctype.obj
 0001:000554c8       __ehhandler$?getSystemCP@@YAHH@Z 100564c8 f   LIBCMTD:mbctype.obj
 0001:000554f0       __unwindfunclet$?x_ismbbtype_l@@YAHPAUlocaleinfo_struct@@IHH@Z$0 100564f0 f   LIBCMTD:ismbbyte.obj
 0001:000554f8       __ehhandler$?x_ismbbtype_l@@YAHPAUlocaleinfo_struct@@IHH@Z 100564f8 f   LIBCMTD:ismbbyte.obj
 0001:00055520       __ehhandler$?CallUnexpected@@YAXPBU_s_ESTypeList@@@Z 10056520 f   LIBCMTD:frame.obj
 0001:00055540       __unwindfunclet$?make@DNameStatusNode@@SAPAV1@W4DNameStatus@@@Z$0 10056540 f   LIBCMTD:undname.obj
 0001:0005554e       __ehhandler$?make@DNameStatusNode@@SAPAV1@W4DNameStatus@@@Z 1005654e f   LIBCMTD:undname.obj
